 zlibwapi

 Timestamp is 5f82ec04 (Sun Oct 11 19:27:00 2020)

 Preferred load address is 0000000180000000

 Start         Length     Name                   Class
 0001:00000000 0002cbc0H .text$mn                CODE
 0001:0002cbc0 00001040H .text$mn$00             CODE
 0001:0002dc00 0000110fH .text$x                 CODE
 0002:00000000 00000110H .CRT$XCA                DATA
 0002:00000110 00000110H .CRT$XCZ                DATA
 0002:00000220 00000110H .CRT$XIA                DATA
 0002:00000330 00000110H .CRT$XIZ                DATA
 0002:00000440 00000110H .CRT$XPA                DATA
 0002:00000550 00000110H .CRT$XPZ                DATA
 0002:00000660 00000110H .CRT$XTA                DATA
 0002:00000770 00000110H .CRT$XTZ                DATA
 0002:00000880 00004ed8H .rdata                  DATA
 0002:00005758 000001a0H .rdata$zzzdbg           DATA
 0002:000058f8 00000110H .rtc$IAA                DATA
 0002:00005a08 00000110H .rtc$IZZ                DATA
 0002:00005b18 00000110H .rtc$TAA                DATA
 0002:00005c28 00000110H .rtc$TZZ                DATA
 0002:00005d38 00000df8H .xdata                  DATA
 0002:00006b30 00001091H .edata                  DATA
 0003:00000000 000009a0H .data                   DATA
 0003:000009a0 00000761H .bss                    DATA
 0004:00000000 00001194H .pdata                  DATA
 0005:00000000 00000390H .idata$5                DATA
 0005:00000390 0000003cH .idata$2                DATA
 0005:000003cc 00000014H .idata$3                DATA
 0005:000003e0 00000390H .idata$4                DATA
 0005:00000770 0000061dH .idata$6                DATA
 0006:00000000 00000151H .00cfg                  DATA
 0007:00000000 00000170H .rsrc$01                DATA
 0007:00000170 000004dcH .rsrc$02                DATA

  Address         Publics by Value              Rva+Base               Lib:Object

 0000:00000000       ___safe_se_handler_table   0000000000000000     <absolute>
 0000:00000000       __guard_eh_cont_table      0000000000000000     <absolute>
 0000:00000000       __guard_iat_table          0000000000000000     <absolute>
 0000:00000000       __dynamic_value_reloc_table 0000000000000000     <absolute>
 0000:00000000       __arm64x_redirection_metadata 0000000000000000     <absolute>
 0000:00000000       ___safe_se_handler_count   0000000000000000     <absolute>
 0000:00000000       __guard_longjmp_table      0000000000000000     <absolute>
 0000:00000000       __guard_longjmp_count      0000000000000000     <absolute>
 0000:00000000       __AbsoluteZero             0000000000000000     <absolute>
 0000:00000000       __guard_fids_count         0000000000000000     <absolute>
 0000:00000000       __hybrid_auxiliary_iat     0000000000000000     <absolute>
 0000:00000000       __enclave_config           0000000000000000     <absolute>
 0000:00000000       __volatile_metadata        0000000000000000     <absolute>
 0000:00000000       __hybrid_code_map_count    0000000000000000     <absolute>
 0000:00000000       __arm64x_native_entrypoint 0000000000000000     <absolute>
 0000:00000000       __guard_eh_cont_count      0000000000000000     <absolute>
 0000:00000000       __x64_code_ranges_to_entry_points 0000000000000000     <absolute>
 0000:00000000       __hybrid_code_map          0000000000000000     <absolute>
 0000:00000000       __guard_fids_table         0000000000000000     <absolute>
 0000:00000000       __guard_iat_count          0000000000000000     <absolute>
 0000:00000100       __guard_flags              0000000000000100     <absolute>
 0000:00000000       __ImageBase                0000000180000000     <linker-defined>
 0001:00000a30       longest_match              0000000180001a30 f   gvmat64.obj
 0001:00000d08       match_init                 0000000180001d08 f   gvmat64.obj
 0001:00000dc0       inffas8664fnc              0000000180001dc0 f   inffasx64.obj
 0001:000011a0       adler32                    00000001800021a0 f   adler32.obj
 0001:000011e0       adler32_z                  00000001800021e0 f   adler32.obj
 0001:000019f0       adler32_combine            00000001800029f0 f   adler32.obj
 0001:00001b60       adler32_combine64          0000000180002b60 f   adler32.obj
 0001:00001e10       compress                   0000000180002e10 f   compress.obj
 0001:00001e60       compress2                  0000000180002e60 f   compress.obj
 0001:00002020       compressBound              0000000180003020 f   compress.obj
 0001:000020e0       crc32                      00000001800030e0 f   crc32.obj
 0001:00002120       crc32_z                    0000000180003120 f   crc32.obj
 0001:00002490       crc32_combine              0000000180003490 f   crc32.obj
 0001:000024d0       get_crc_table              00000001800034d0 f   crc32.obj
 0001:00003790       crc32_combine64            0000000180004790 f   crc32.obj
 0001:00003d70       deflate                    0000000180004d70 f   deflate.obj
 0001:00005280       deflateEnd                 0000000180006280 f   deflate.obj
 0001:000053c0       deflateSetDictionary       00000001800063c0 f   deflate.obj
 0001:00005740       deflateGetDictionary       0000000180006740 f   deflate.obj
 0001:00005820       deflateCopy                0000000180006820 f   deflate.obj
 0001:00005b20       deflateReset               0000000180006b20 f   deflate.obj
 0001:00005b60       deflateParams              0000000180006b60 f   deflate.obj
 0001:00005db0       deflateTune                0000000180006db0 f   deflate.obj
 0001:00005e40       deflateBound               0000000180006e40 f   deflate.obj
 0001:00006050       deflatePending             0000000180007050 f   deflate.obj
 0001:000060c0       deflatePrime               00000001800070c0 f   deflate.obj
 0001:000061f0       deflateSetHeader           00000001800071f0 f   deflate.obj
 0001:00006250       deflateInit_               0000000180007250 f   deflate.obj
 0001:000062b0       deflateInit2_              00000001800072b0 f   deflate.obj
 0001:00006740       deflateResetKeep           0000000180007740 f   deflate.obj
 0001:0000ba10       gzclose                    000000018000ca10 f   gzclose.obj
 0001:0000ba80       gzdopen                    000000018000ca80 f   gzlib.obj
 0001:0000bb00       gzbuffer                   000000018000cb00 f   gzlib.obj
 0001:0000bba0       gzrewind                   000000018000cba0 f   gzlib.obj
 0001:0000bc30       gzeof                      000000018000cc30 f   gzlib.obj
 0001:0000bca0       gzerror                    000000018000cca0 f   gzlib.obj
 0001:0000bd60       gzclearerr                 000000018000cd60 f   gzlib.obj
 0001:0000bde0       gzopen                     000000018000cde0 f   gzlib.obj
 0001:0000be10       gzseek                     000000018000ce10 f   gzlib.obj
 0001:0000be70       gztell                     000000018000ce70 f   gzlib.obj
 0001:0000bec0       gzoffset                   000000018000cec0 f   gzlib.obj
 0001:0000bf10       gzopen_w                   000000018000cf10 f   gzlib.obj
 0001:0000bf40       gzopen64                   000000018000cf40 f   gzlib.obj
 0001:0000bf70       gzseek64                   000000018000cf70 f   gzlib.obj
 0001:0000c280       gztell64                   000000018000d280 f   gzlib.obj
 0001:0000c300       gzoffset64                 000000018000d300 f   gzlib.obj
 0001:0000c3c0       gz_error                   000000018000d3c0 f   gzlib.obj
 0001:0000ceb0       __local_stdio_printf_options 000000018000deb0 f i gzlib.obj
 0001:0000cec0       snprintf                   000000018000dec0 f i gzlib.obj
 0001:0000cf30       vsnprintf                  000000018000df30 f i gzlib.obj
 0001:0000cfd0       gzread                     000000018000dfd0 f   gzread.obj
 0001:0000d0a0       gzfread                    000000018000e0a0 f   gzread.obj
 0001:0000d190       gzgets                     000000018000e190 f   gzread.obj
 0001:0000d3c0       gzgetc                     000000018000e3c0 f   gzread.obj
 0001:0000d4c0       gzungetc                   000000018000e4c0 f   gzread.obj
 0001:0000d710       gzdirect                   000000018000e710 f   gzread.obj
 0001:0000d770       gzclose_r                  000000018000e770 f   gzread.obj
 0001:0000d870       gzgetc_                    000000018000e870 f   gzread.obj
 0001:0000e870       gzsetparams                000000018000f870 f   gzwrite.obj
 0001:0000e9a0       gzwrite                    000000018000f9a0 f   gzwrite.obj
 0001:0000ea30       gzfwrite                   000000018000fa30 f   gzwrite.obj
 0001:0000eb10       gzprintf                   000000018000fb10 f   gzwrite.obj
 0001:0000eb70       gzputs                     000000018000fb70 f   gzwrite.obj
 0001:0000ec10       gzputc                     000000018000fc10 f   gzwrite.obj
 0001:0000ed90       gzflush                    000000018000fd90 f   gzwrite.obj
 0001:0000ee50       gzclose_w                  000000018000fe50 f   gzwrite.obj
 0001:0000ef90       gzvprintf                  000000018000ff90 f   gzwrite.obj
 0001:0000fea0       inflateBack                0000000180010ea0 f   infback.obj
 0001:00011b20       inflateBackEnd             0000000180012b20 f   infback.obj
 0001:00011b90       inflateBackInit_           0000000180012b90 f   infback.obj
 0001:00012500       inflate_fast               0000000180013500 f   inffas8664.obj
 0001:000129b0       inflate                    00000001800139b0 f   inflate.obj
 0001:00015830       inflateEnd                 0000000180016830 f   inflate.obj
 0001:000158c0       inflateSetDictionary       00000001800168c0 f   inflate.obj
 0001:000159c0       inflateGetDictionary       00000001800169c0 f   inflate.obj
 0001:00015aa0       inflateSync                0000000180016aa0 f   inflate.obj
 0001:00015cb0       inflateCopy                0000000180016cb0 f   inflate.obj
 0001:00015f10       inflateReset               0000000180016f10 f   inflate.obj
 0001:00015f80       inflateReset2              0000000180016f80 f   inflate.obj
 0001:00016080       inflatePrime               0000000180017080 f   inflate.obj
 0001:00016160       inflateMark                0000000180017160 f   inflate.obj
 0001:00016200       inflateGetHeader           0000000180017200 f   inflate.obj
 0001:00016270       inflateInit_               0000000180017270 f   inflate.obj
 0001:000162b0       inflateInit2_              00000001800172b0 f   inflate.obj
 0001:00016420       inflateSyncPoint           0000000180017420 f   inflate.obj
 0001:00016490       inflateUndermine           0000000180017490 f   inflate.obj
 0001:000164e0       inflateValidate            00000001800174e0 f   inflate.obj
 0001:00016550       inflateCodesUsed           0000000180017550 f   inflate.obj
 0001:000165b0       inflateResetKeep           00000001800175b0 f   inflate.obj
 0001:00017b10       inflate_table              0000000180018b10 f   inftrees.obj
 0001:000184f0       fill_fopen64_filefunc      00000001800194f0 f   ioapi.obj
 0001:00018580       fill_fopen_filefunc        0000000180019580 f   ioapi.obj
 0001:00018610       call_zopen64               0000000180019610 f   ioapi.obj
 0001:00018680       call_zseek64               0000000180019680 f   ioapi.obj
 0001:00018710       call_ztell64               0000000180019710 f   ioapi.obj
 0001:00018780       fill_zlib_filefunc64_32_def_from_filefunc32 0000000180019780 f   ioapi.obj
 0001:00018e30       fill_win32_filefunc        0000000180019e30 f   iowin32.obj
 0001:00018ec0       fill_win32_filefunc64      0000000180019ec0 f   iowin32.obj
 0001:00018f50       fill_win32_filefunc64A     0000000180019f50 f   iowin32.obj
 0001:00018fe0       fill_win32_filefunc64W     0000000180019fe0 f   iowin32.obj
 0001:00019070       win32_open_file_func       000000018001a070 f   iowin32.obj
 0001:00019120       win32_read_file_func       000000018001a120 f   iowin32.obj
 0001:000191d0       win32_write_file_func      000000018001a1d0 f   iowin32.obj
 0001:00019280       win32_tell64_file_func     000000018001a280 f   iowin32.obj
 0001:00019320       win32_seek64_file_func     000000018001a320 f   iowin32.obj
 0001:00019410       win32_close_file_func      000000018001a410 f   iowin32.obj
 0001:00019470       win32_error_file_func      000000018001a470 f   iowin32.obj
 0001:00019600       win32_open64_file_func     000000018001a600 f   iowin32.obj
 0001:000196b0       win32_open64_file_funcA    000000018001a6b0 f   iowin32.obj
 0001:00019760       win32_open64_file_funcW    000000018001a760 f   iowin32.obj
 0001:000198b0       win32_tell_file_func       000000018001a8b0 f   iowin32.obj
 0001:00019950       win32_seek_file_func       000000018001a950 f   iowin32.obj
 0001:00019d40       _tr_init                   000000018001ad40 f   trees.obj
 0001:00019e00       _tr_tally                  000000018001ae00 f   trees.obj
 0001:00019fb0       _tr_flush_block            000000018001afb0 f   trees.obj
 0001:0001a430       _tr_flush_bits             000000018001b430 f   trees.obj
 0001:0001a450       _tr_align                  000000018001b450 f   trees.obj
 0001:0001a760       _tr_stored_block           000000018001b760 f   trees.obj
 0001:0001ea10       uncompress                 000000018001fa10 f   uncompr.obj
 0001:0001ea50       uncompress2                000000018001fa50 f   uncompr.obj
 0001:0001ed40       unzStringFileNameCompare   000000018001fd40 f   unzip.obj
 0001:0001eda0       unzOpen                    000000018001fda0 f   unzip.obj
 0001:0001edd0       unzOpen64                  000000018001fdd0 f   unzip.obj
 0001:0001ee00       unzOpen2                   000000018001fe00 f   unzip.obj
 0001:0001ee70       unzOpen2_64                000000018001fe70 f   unzip.obj
 0001:0001ef00       unzClose                   000000018001ff00 f   unzip.obj
 0001:0001ef80       unzGetGlobalInfo           000000018001ff80 f   unzip.obj
 0001:0001efd0       unzGetGlobalInfo64         000000018001ffd0 f   unzip.obj
 0001:0001f020       unzGetGlobalComment        0000000180020020 f   unzip.obj
 0001:0001f120       unzGoToFirstFile           0000000180020120 f   unzip.obj
 0001:0001f210       unzGoToNextFile            0000000180020210 f   unzip.obj
 0001:0001f370       unzLocateFile              0000000180020370 f   unzip.obj
 0001:0001f540       unzGetFilePos              0000000180020540 f   unzip.obj
 0001:0001f590       unzGoToFilePos             0000000180020590 f   unzip.obj
 0001:0001f5e0       unzGetFilePos64            00000001800205e0 f   unzip.obj
 0001:0001f660       unzGoToFilePos64           0000000180020660 f   unzip.obj
 0001:0001f750       unzGetCurrentFileInfo64    0000000180020750 f   unzip.obj
 0001:0001f7d0       unzGetCurrentFileInfo      00000001800207d0 f   unzip.obj
 0001:0001f980       unzGetCurrentFileZStreamPos64 0000000180020980 f   unzip.obj
 0001:0001f9e0       unzOpenCurrentFile         00000001800209e0 f   unzip.obj
 0001:0001fa10       unzOpenCurrentFilePassword 0000000180020a10 f   unzip.obj
 0001:0001fa50       unzOpenCurrentFile2        0000000180020a50 f   unzip.obj
 0001:0001faa0       unzOpenCurrentFile3        0000000180020aa0 f   unzip.obj
 0001:0001feb0       unzCloseCurrentFile        0000000180020eb0 f   unzip.obj
 0001:0001ffc0       unzReadCurrentFile         0000000180020fc0 f   unzip.obj
 0001:00020540       unztell                    0000000180021540 f   unzip.obj
 0001:000205a0       unztell64                  00000001800215a0 f   unzip.obj
 0001:00020600       unzeof                     0000000180021600 f   unzip.obj
 0001:00020670       unzGetLocalExtrafield      0000000180021670 f   unzip.obj
 0001:000207b0       unzGetOffset64             00000001800217b0 f   unzip.obj
 0001:00020830       unzGetOffset               0000000180021830 f   unzip.obj
 0001:00020870       unzSetOffset64             0000000180021870 f   unzip.obj
 0001:00020960       unzSetOffset               0000000180021960 f   unzip.obj
 0001:00023560       zipOpen                    0000000180024560 f   zip.obj
 0001:00023590       zipOpen64                  0000000180024590 f   zip.obj
 0001:000235c0       zipOpen2                   00000001800245c0 f   zip.obj
 0001:00023650       zipOpen2_64                0000000180024650 f   zip.obj
 0001:00023700       zipOpenNewFileInZip        0000000180024700 f   zip.obj
 0001:000237f0       zipOpenNewFileInZip64      00000001800247f0 f   zip.obj
 0001:000238e0       zipOpenNewFileInZip2       00000001800248e0 f   zip.obj
 0001:000239d0       zipOpenNewFileInZip2_64    00000001800249d0 f   zip.obj
 0001:00023ac0       zipOpenNewFileInZip3       0000000180024ac0 f   zip.obj
 0001:00023bc0       zipOpenNewFileInZip3_64    0000000180024bc0 f   zip.obj
 0001:00023cc0       zipOpenNewFileInZip4       0000000180024cc0 f   zip.obj
 0001:00023dc0       zipOpenNewFileInZip4_64    0000000180024dc0 f   zip.obj
 0001:00024730       zipWriteInFileInZip        0000000180025730 f   zip.obj
 0001:00024a10       zipCloseFileInZip          0000000180025a10 f   zip.obj
 0001:00024a40       zipCloseFileInZipRaw       0000000180025a40 f   zip.obj
 0001:00024a80       zipCloseFileInZipRaw64     0000000180025a80 f   zip.obj
 0001:00025280       zipClose                   0000000180026280 f   zip.obj
 0001:000254d0       zipRemoveExtraInfoBlock    00000001800264d0 f   zip.obj
 0001:00026910       LoadCentralDirectoryRecord 0000000180027910 f   zip.obj
 0001:000270a0       zipOpen3                   00000001800280a0 f   zip.obj
 0001:000272b0       Write_LocalFileHeader      00000001800282b0 f   zip.obj
 0001:00027870       Write_Zip64EndOfCentralDirectoryLocator 0000000180028870 f   zip.obj
 0001:00027960       Write_Zip64EndOfCentralDirectoryRecord 0000000180028960 f   zip.obj
 0001:00027b70       Write_EndOfCentralDirectoryRecord 0000000180028b70 f   zip.obj
 0001:00027db0       Write_GlobalComment        0000000180028db0 f   zip.obj
 0001:000290a0       zlibVersion                000000018002a0a0 f   zutil.obj
 0001:000290b0       zlibCompileFlags           000000018002a0b0 f   zutil.obj
 0001:000291f0       zError                     000000018002a1f0 f   zutil.obj
 0001:00029220       zcalloc                    000000018002a220 f   zutil.obj
 0001:00029250       zcfree                     000000018002a250 f   zutil.obj
 0001:000292e1       CreateFileA                000000018002a2e1 f   kernel32:KERNEL32.dll
 0001:000292e7       CreateFileW                000000018002a2e7 f   kernel32:KERNEL32.dll
 0001:000292ed       ReadFile                   000000018002a2ed f   kernel32:KERNEL32.dll
 0001:000292f3       SetFilePointer             000000018002a2f3 f   kernel32:KERNEL32.dll
 0001:000292f9       WriteFile                  000000018002a2f9 f   kernel32:KERNEL32.dll
 0001:000292ff       CloseHandle                000000018002a2ff f   kernel32:KERNEL32.dll
 0001:00029305       GetLastError               000000018002a305 f   kernel32:KERNEL32.dll
 0001:00029320       __chkstk                   000000018002a320 f   MSVCRTD:chkstk.obj
 0001:00029320       _alloca_probe              000000018002a320 f   MSVCRTD:chkstk.obj
 0001:00029890       _CRT_INIT                  000000018002a890 f   MSVCRTD:dll_dllmain.obj
 0001:000298d0       _DllMainCRTStartup         000000018002a8d0 f   MSVCRTD:dll_dllmain.obj
 0001:00029a10       __security_init_cookie     000000018002aa10 f   MSVCRTD:gs_support.obj
 0001:00029ab0       DllMain                    000000018002aab0 f   MSVCRTD:dll_dllmain_stub.obj
 0001:00029b00       ?__scrt_initialize_type_info@@YAXXZ 000000018002ab00 f   MSVCRTD:tncleanup.obj
 0001:00029b20       ?__scrt_uninitialize_type_info@@YAXXZ 000000018002ab20 f   MSVCRTD:tncleanup.obj
 0001:00029b40       __local_stdio_scanf_options 000000018002ab40 f i MSVCRTD:default_local_stdio_options.obj
 0001:00029b50       __scrt_initialize_default_local_stdio_options 000000018002ab50 f   MSVCRTD:default_local_stdio_options.obj
 0001:00029bb0       ?configure_argv@__scrt_narrow_argv_policy@@SAHXZ 000000018002abb0 f i MSVCRTD:utility.obj
 0001:00029cd0       ?initialize_environment@__scrt_narrow_environment_policy@@SAHXZ 000000018002acd0 f i MSVCRTD:utility.obj
 0001:00029da0       NtCurrentTeb               000000018002ada0 f i MSVCRTD:utility.obj
 0001:00029db0       __scrt_acquire_startup_lock 000000018002adb0 f   MSVCRTD:utility.obj
 0001:00029e30       __scrt_dllmain_after_initialize_c 000000018002ae30 f   MSVCRTD:utility.obj
 0001:00029e70       __scrt_dllmain_before_initialize_c 000000018002ae70 f   MSVCRTD:utility.obj
 0001:00029ea0       __scrt_dllmain_crt_thread_attach 000000018002aea0 f   MSVCRTD:utility.obj
 0001:00029ee0       __scrt_dllmain_crt_thread_detach 000000018002aee0 f   MSVCRTD:utility.obj
 0001:00029f00       __scrt_dllmain_exception_filter 000000018002af00 f   MSVCRTD:utility.obj
 0001:00029f80       __scrt_dllmain_uninitialize_c 000000018002af80 f   MSVCRTD:utility.obj
 0001:00029fc0       __scrt_dllmain_uninitialize_critical 000000018002afc0 f   MSVCRTD:utility.obj
 0001:00029fe0       __scrt_initialize_crt      000000018002afe0 f   MSVCRTD:utility.obj
 0001:0002a040       __scrt_initialize_onexit_tables 000000018002b040 f   MSVCRTD:utility.obj
 0001:0002a190       __scrt_is_nonwritable_in_current_image 000000018002b190 f   MSVCRTD:utility.obj
 0001:0002a240       __scrt_release_startup_lock 000000018002b240 f   MSVCRTD:utility.obj
 0001:0002a280       __scrt_uninitialize_crt    000000018002b280 f   MSVCRTD:utility.obj
 0001:0002a2d0       _onexit                    000000018002b2d0 f   MSVCRTD:utility.obj
 0001:0002a370       at_quick_exit              000000018002b370 f   MSVCRTD:utility.obj
 0001:0002a3d0       atexit                     000000018002b3d0 f   MSVCRTD:utility.obj
 0001:0002a410       __scrt_get_dyn_tls_init_callback 000000018002b410 f   MSVCRTD:dyn_tls_init.obj
 0001:0002a420       __crt_debugger_hook        000000018002b420 f   MSVCRTD:utility_desktop.obj
 0001:0002a440       __scrt_fastfail            000000018002b440 f   MSVCRTD:utility_desktop.obj
 0001:0002a640       __scrt_get_show_window_mode 000000018002b640 f   MSVCRTD:utility_desktop.obj
 0001:0002a6b0       __scrt_initialize_mta      000000018002b6b0 f   MSVCRTD:utility_desktop.obj
 0001:0002a6d0       __scrt_initialize_winrt    000000018002b6d0 f   MSVCRTD:utility_desktop.obj
 0001:0002a6e0       __scrt_is_managed_app      000000018002b6e0 f   MSVCRTD:utility_desktop.obj
 0001:0002a7b0       __scrt_set_unhandled_exception_filter 000000018002b7b0 f   MSVCRTD:utility_desktop.obj
 0001:0002a7d0       __scrt_exe_initialize_mta  000000018002b7d0 f   MSVCRTD:utility_desktop.obj
 0001:0002a7d0       __scrt_stub_for_initialize_mta 000000018002b7d0 f   MSVCRTD:utility_desktop.obj
 0001:0002a7e0       __scrt_unhandled_exception_filter 000000018002b7e0 f   MSVCRTD:utility_desktop.obj
 0001:0002a8a0       _RTC_Initialize            000000018002b8a0 f   MSVCRTD:initsect.obj
 0001:0002a900       _RTC_Terminate             000000018002b900 f   MSVCRTD:initsect.obj
 0001:0002a960       _guard_check_icall_nop     000000018002b960 f i MSVCRTD:guard_support.obj
 0001:0002a970       ReadNoFence64              000000018002b970 f i MSVCRTD:guard_support.obj
 0001:0002a9a0       ReadPointerNoFence         000000018002b9a0 f i MSVCRTD:guard_support.obj
 0001:0002a9c0       _guard_icall_checks_enforced 000000018002b9c0 f i MSVCRTD:guard_support.obj
 0001:0002aa10       _guard_rf_checks_enforced  000000018002ba10 f i MSVCRTD:guard_support.obj
 0001:0002aa20       __isa_available_init       000000018002ba20 f   MSVCRTD:cpu_disp.obj
 0001:0002aea0       _get_startup_argv_mode     000000018002bea0 f   MSVCRTD:argv_mode.obj
 0001:0002aeb0       __scrt_is_ucrt_dll_in_use  000000018002beb0 f   MSVCRTD:ucrt_detection.obj
 0001:0002aee0       __GSHandlerCheck           000000018002bee0 f   MSVCRTD:gshandler.obj
 0001:0002af30       __GSHandlerCheckCommon     000000018002bf30 f   MSVCRTD:gshandler.obj
 0001:0002b080       __security_check_cookie    000000018002c080 f   MSVCRTD:amdsecgs.obj
 0001:0002b0b0       __raise_securityfailure    000000018002c0b0 f   MSVCRTD:gs_report.obj
 0001:0002b100       __report_gsfailure         000000018002c100 f   MSVCRTD:gs_report.obj
 0001:0002b210       __report_rangecheckfailure 000000018002c210 f   MSVCRTD:gs_report.obj
 0001:0002b230       __report_securityfailure   000000018002c230 f   MSVCRTD:gs_report.obj
 0001:0002b300       __report_securityfailureEx 000000018002c300 f   MSVCRTD:gs_report.obj
 0001:0002b5fe       memcpy                     000000018002c5fe f   vcruntimed:VCRUNTIME140D.dll
 0001:0002b604       memset                     000000018002c604 f   vcruntimed:VCRUNTIME140D.dll
 0001:0002b60a       memchr                     000000018002c60a f   vcruntimed:VCRUNTIME140D.dll
 0001:0002b610       __C_specific_handler       000000018002c610 f   vcruntimed:VCRUNTIME140D.dll
 0001:0002b616       __std_type_info_destroy_list 000000018002c616 f   vcruntimed:VCRUNTIME140D.dll
 0001:0002b61c       __current_exception        000000018002c61c f   vcruntimed:VCRUNTIME140D.dll
 0001:0002b622       __current_exception_context 000000018002c622 f   vcruntimed:VCRUNTIME140D.dll
 0001:0002b628       __stdio_common_vsprintf    000000018002c628 f   ucrtd:ucrtbased.dll
 0001:0002b62e       strlen                     000000018002c62e f   ucrtd:ucrtbased.dll
 0001:0002b634       free                       000000018002c634 f   ucrtd:ucrtbased.dll
 0001:0002b63a       malloc                     000000018002c63a f   ucrtd:ucrtbased.dll
 0001:0002b640       wcstombs                   000000018002c640 f   ucrtd:ucrtbased.dll
 0001:0002b646       _wopen                     000000018002c646 f   ucrtd:ucrtbased.dll
 0001:0002b64c       _lseeki64                  000000018002c64c f   ucrtd:ucrtbased.dll
 0001:0002b652       _open                      000000018002c652 f   ucrtd:ucrtbased.dll
 0001:0002b658       _errno                     000000018002c658 f   ucrtd:ucrtbased.dll
 0001:0002b65e       strerror                   000000018002c65e f   ucrtd:ucrtbased.dll
 0001:0002b664       _close                     000000018002c664 f   ucrtd:ucrtbased.dll
 0001:0002b66a       _read                      000000018002c66a f   ucrtd:ucrtbased.dll
 0001:0002b670       _write                     000000018002c670 f   ucrtd:ucrtbased.dll
 0001:0002b676       fclose                     000000018002c676 f   ucrtd:ucrtbased.dll
 0001:0002b67c       ferror                     000000018002c67c f   ucrtd:ucrtbased.dll
 0001:0002b682       fopen                      000000018002c682 f   ucrtd:ucrtbased.dll
 0001:0002b688       fread                      000000018002c688 f   ucrtd:ucrtbased.dll
 0001:0002b68e       fseek                      000000018002c68e f   ucrtd:ucrtbased.dll
 0001:0002b694       _fseeki64                  000000018002c694 f   ucrtd:ucrtbased.dll
 0001:0002b69a       ftell                      000000018002c69a f   ucrtd:ucrtbased.dll
 0001:0002b6a0       _ftelli64                  000000018002c6a0 f   ucrtd:ucrtbased.dll
 0001:0002b6a6       fwrite                     000000018002c6a6 f   ucrtd:ucrtbased.dll
 0001:0002b6ac       strcmp                     000000018002c6ac f   ucrtd:ucrtbased.dll
 0001:0002b6b2       srand                      000000018002c6b2 f   ucrtd:ucrtbased.dll
 0001:0002b6b8       rand                       000000018002c6b8 f   ucrtd:ucrtbased.dll
 0001:0002b6be       _time64                    000000018002c6be f   ucrtd:ucrtbased.dll
 0001:0002b6c4       _initterm                  000000018002c6c4 f   ucrtd:ucrtbased.dll
 0001:0002b6ca       _initterm_e                000000018002c6ca f   ucrtd:ucrtbased.dll
 0001:0002b6d0       _seh_filter_dll            000000018002c6d0 f   ucrtd:ucrtbased.dll
 0001:0002b6d6       _configure_narrow_argv     000000018002c6d6 f   ucrtd:ucrtbased.dll
 0001:0002b6dc       _initialize_narrow_environment 000000018002c6dc f   ucrtd:ucrtbased.dll
 0001:0002b6e2       _initialize_onexit_table   000000018002c6e2 f   ucrtd:ucrtbased.dll
 0001:0002b6e8       _register_onexit_function  000000018002c6e8 f   ucrtd:ucrtbased.dll
 0001:0002b6ee       _execute_onexit_table      000000018002c6ee f   ucrtd:ucrtbased.dll
 0001:0002b6f4       _crt_atexit                000000018002c6f4 f   ucrtd:ucrtbased.dll
 0001:0002b6fa       _crt_at_quick_exit         000000018002c6fa f   ucrtd:ucrtbased.dll
 0001:0002b700       _cexit                     000000018002c700 f   ucrtd:ucrtbased.dll
 0001:0002b706       terminate                  000000018002c706 f   ucrtd:ucrtbased.dll
 0001:0002b70c       QueryPerformanceCounter    000000018002c70c f   kernel32:KERNEL32.dll
 0001:0002b712       GetCurrentProcessId        000000018002c712 f   kernel32:KERNEL32.dll
 0001:0002b718       GetCurrentThreadId         000000018002c718 f   kernel32:KERNEL32.dll
 0001:0002b71e       GetSystemTimeAsFileTime    000000018002c71e f   kernel32:KERNEL32.dll
 0001:0002b724       DisableThreadLibraryCalls  000000018002c724 f   kernel32:KERNEL32.dll
 0001:0002b72a       InitializeSListHead        000000018002c72a f   kernel32:KERNEL32.dll
 0001:0002b730       RtlCaptureContext          000000018002c730 f   kernel32:KERNEL32.dll
 0001:0002b736       RtlLookupFunctionEntry     000000018002c736 f   kernel32:KERNEL32.dll
 0001:0002b73c       RtlVirtualUnwind           000000018002c73c f   kernel32:KERNEL32.dll
 0001:0002b742       IsDebuggerPresent          000000018002c742 f   kernel32:KERNEL32.dll
 0001:0002b748       UnhandledExceptionFilter   000000018002c748 f   kernel32:KERNEL32.dll
 0001:0002b74e       SetUnhandledExceptionFilter 000000018002c74e f   kernel32:KERNEL32.dll
 0001:0002b754       GetStartupInfoW            000000018002c754 f   kernel32:KERNEL32.dll
 0001:0002b75a       IsProcessorFeaturePresent  000000018002c75a f   kernel32:KERNEL32.dll
 0001:0002b760       GetModuleHandleW           000000018002c760 f   kernel32:KERNEL32.dll
 0001:0002b766       GetCurrentProcess          000000018002c766 f   kernel32:KERNEL32.dll
 0001:0002b76c       TerminateProcess           000000018002c76c f   kernel32:KERNEL32.dll
 0001:0002b780       __acrt_initialize          000000018002c780 f   MSVCRTD:ucrt_stubs.obj
 0001:0002b780       __scrt_stub_for_acrt_initialize 000000018002c780 f   MSVCRTD:ucrt_stubs.obj
 0001:0002b780       __vcrt_initialize          000000018002c780 f   MSVCRTD:ucrt_stubs.obj
 0001:0002b790       __acrt_thread_attach       000000018002c790 f   MSVCRTD:ucrt_stubs.obj
 0001:0002b790       __vcrt_thread_attach       000000018002c790 f   MSVCRTD:ucrt_stubs.obj
 0001:0002b790       __scrt_stub_for_acrt_thread_attach 000000018002c790 f   MSVCRTD:ucrt_stubs.obj
 0001:0002b7a0       __vcrt_thread_detach       000000018002c7a0 f   MSVCRTD:ucrt_stubs.obj
 0001:0002b7a0       __scrt_stub_for_acrt_thread_detach 000000018002c7a0 f   MSVCRTD:ucrt_stubs.obj
 0001:0002b7a0       __acrt_thread_detach       000000018002c7a0 f   MSVCRTD:ucrt_stubs.obj
 0001:0002b7b0       __vcrt_uninitialize        000000018002c7b0 f   MSVCRTD:ucrt_stubs.obj
 0001:0002b7b0       __acrt_uninitialize        000000018002c7b0 f   MSVCRTD:ucrt_stubs.obj
 0001:0002b7b0       __scrt_stub_for_acrt_uninitialize 000000018002c7b0 f   MSVCRTD:ucrt_stubs.obj
 0001:0002b7c0       __scrt_stub_for_acrt_uninitialize_critical 000000018002c7c0 f   MSVCRTD:ucrt_stubs.obj
 0001:0002b7c0       __vcrt_uninitialize_critical 000000018002c7c0 f   MSVCRTD:ucrt_stubs.obj
 0001:0002b7c0       __acrt_uninitialize_critical 000000018002c7c0 f   MSVCRTD:ucrt_stubs.obj
 0001:0002b7d0       __scrt_stub_for_is_c_termination_complete 000000018002c7d0 f   MSVCRTD:ucrt_stubs.obj
 0001:0002b7d0       _is_c_termination_complete 000000018002c7d0 f   MSVCRTD:ucrt_stubs.obj
 0001:0002cbd0       _guard_dispatch_icall_nop  000000018002dbd0 f   MSVCRTD:guard_dispatch.obj
 0001:0002cbf0       _guard_xfg_dispatch_icall_nop 000000018002dbf0 f   MSVCRTD:guard_xfg_dispatch.obj
 0002:00000000       __xc_a                     0000000180030000     MSVCRTD:initializers.obj
 0002:00000110       __xc_z                     0000000180030110     MSVCRTD:initializers.obj
 0002:00000220       __xi_a                     0000000180030220     MSVCRTD:initializers.obj
 0002:00000330       __xi_z                     0000000180030330     MSVCRTD:initializers.obj
 0002:00000440       __xp_a                     0000000180030440     MSVCRTD:initializers.obj
 0002:00000550       __xp_z                     0000000180030550     MSVCRTD:initializers.obj
 0002:00000660       __xt_a                     0000000180030660     MSVCRTD:initializers.obj
 0002:00000770       __xt_z                     0000000180030770     MSVCRTD:initializers.obj
 0002:00002ef0       deflate_copyright          0000000180032ef0     deflate.obj
 0002:000044e0       inflate_copyright          00000001800344e0     inftrees.obj
 0002:00004650       _length_code               0000000180034650     trees.obj
 0002:00004750       _dist_code                 0000000180034750     trees.obj
 0002:00005340       unz_copyright              0000000180035340     unzip.obj
 0002:000053b0       zip_copyright              00000001800353b0     zip.obj
 0002:00005410       z_errmsg                   0000000180035410     zutil.obj
 0002:00005470       _pDefaultRawDllMain        0000000180035470     MSVCRTD:dll_dllmain.obj
 0002:00005470       _pRawDllMain               0000000180035470     MSVCRTD:dll_dllmain.obj
 0002:000054d0       _load_config_used          00000001800354d0     MSVCRTD:loadcfg.obj
 0002:000058f8       __rtc_iaa                  00000001800358f8     MSVCRTD:initsect.obj
 0002:00005a08       __rtc_izz                  0000000180035a08     MSVCRTD:initsect.obj
 0002:00005b18       __rtc_taa                  0000000180035b18     MSVCRTD:initsect.obj
 0002:00005c28       __rtc_tzz                  0000000180035c28     MSVCRTD:initsect.obj
 0003:00000840       __scrt_native_dllmain_reason 0000000180038840     MSVCRTD:utility.obj
 0003:00000848       __security_cookie_complement 0000000180038848     MSVCRTD:gs_cookie.obj
 0003:00000850       __security_cookie          0000000180038850     MSVCRTD:gs_cookie.obj
 0003:00000860       __isa_available            0000000180038860     MSVCRTD:cpu_disp.obj
 0003:00000864       __isa_enabled              0000000180038864     MSVCRTD:cpu_disp.obj
 0003:00000868       __memcpy_nt_iters          0000000180038868     MSVCRTD:cpu_disp.obj
 0003:00000870       __memset_nt_iters          0000000180038870     MSVCRTD:cpu_disp.obj
 0003:00000880       __scrt_ucrt_dll_is_in_use  0000000180038880     MSVCRTD:ucrt_stubs.obj
 0003:000009b0       ?__type_info_root_node@@3U__type_info_node@@A 00000001800389b0     MSVCRTD:tncleanup.obj
 0003:000009c8       ?_OptionsStorage@?1??__local_stdio_printf_options@@9@4_KA 00000001800389c8     MSVCRTD:default_local_stdio_options.obj
 0003:000009d8       ?_OptionsStorage@?1??__local_stdio_scanf_options@@9@4_KA 00000001800389d8     MSVCRTD:default_local_stdio_options.obj
 0003:000009e8       __scrt_current_native_startup_state 00000001800389e8     MSVCRTD:utility.obj
 0003:000009f0       __scrt_native_startup_lock 00000001800389f0     MSVCRTD:utility.obj
 0003:00000a40       __scrt_debugger_hook_flag  0000000180038a40     MSVCRTD:utility_desktop.obj
 0003:00000a44       __favor                    0000000180038a44     MSVCRTD:cpu_disp.obj
 0003:000010d8       ?_OptionsStorage@?1??__local_stdio_printf_options@@9@9 00000001800390d8     <common>
 0003:000010f0       __dyn_tls_init_callback    00000001800390f0     <common>
 0005:00000000       __imp_CreateFileA          000000018003c000     kernel32:KERNEL32.dll
 0005:00000008       __imp_CreateFileW          000000018003c008     kernel32:KERNEL32.dll
 0005:00000010       __imp_ReadFile             000000018003c010     kernel32:KERNEL32.dll
 0005:00000018       __imp_SetFilePointer       000000018003c018     kernel32:KERNEL32.dll
 0005:00000020       __imp_WriteFile            000000018003c020     kernel32:KERNEL32.dll
 0005:00000028       __imp_CloseHandle          000000018003c028     kernel32:KERNEL32.dll
 0005:00000030       __imp_GetLastError         000000018003c030     kernel32:KERNEL32.dll
 0005:00000038       __imp_GetCurrentProcess    000000018003c038     kernel32:KERNEL32.dll
 0005:00000040       __imp_GetModuleHandleW     000000018003c040     kernel32:KERNEL32.dll
 0005:00000048       __imp_IsProcessorFeaturePresent 000000018003c048     kernel32:KERNEL32.dll
 0005:00000050       __imp_GetStartupInfoW      000000018003c050     kernel32:KERNEL32.dll
 0005:00000058       __imp_SetUnhandledExceptionFilter 000000018003c058     kernel32:KERNEL32.dll
 0005:00000060       __imp_UnhandledExceptionFilter 000000018003c060     kernel32:KERNEL32.dll
 0005:00000068       __imp_IsDebuggerPresent    000000018003c068     kernel32:KERNEL32.dll
 0005:00000070       __imp_RtlVirtualUnwind     000000018003c070     kernel32:KERNEL32.dll
 0005:00000078       __imp_RtlLookupFunctionEntry 000000018003c078     kernel32:KERNEL32.dll
 0005:00000080       __imp_RtlCaptureContext    000000018003c080     kernel32:KERNEL32.dll
 0005:00000088       __imp_InitializeSListHead  000000018003c088     kernel32:KERNEL32.dll
 0005:00000090       __imp_DisableThreadLibraryCalls 000000018003c090     kernel32:KERNEL32.dll
 0005:00000098       __imp_GetSystemTimeAsFileTime 000000018003c098     kernel32:KERNEL32.dll
 0005:000000a0       __imp_GetCurrentThreadId   000000018003c0a0     kernel32:KERNEL32.dll
 0005:000000a8       __imp_GetCurrentProcessId  000000018003c0a8     kernel32:KERNEL32.dll
 0005:000000b0       __imp_QueryPerformanceCounter 000000018003c0b0     kernel32:KERNEL32.dll
 0005:000000b8       __imp_TerminateProcess     000000018003c0b8     kernel32:KERNEL32.dll
 0005:000000c0       \177KERNEL32_NULL_THUNK_DATA 000000018003c0c0     kernel32:KERNEL32.dll
 0005:00000138       __imp___C_specific_handler 000000018003c138     vcruntimed:VCRUNTIME140D.dll
 0005:00000140       __imp___std_type_info_destroy_list 000000018003c140     vcruntimed:VCRUNTIME140D.dll
 0005:00000148       __imp___current_exception  000000018003c148     vcruntimed:VCRUNTIME140D.dll
 0005:00000150       __imp___current_exception_context 000000018003c150     vcruntimed:VCRUNTIME140D.dll
 0005:00000158       __imp_memchr               000000018003c158     vcruntimed:VCRUNTIME140D.dll
 0005:00000160       __imp_memcpy               000000018003c160     vcruntimed:VCRUNTIME140D.dll
 0005:00000168       __imp_memset               000000018003c168     vcruntimed:VCRUNTIME140D.dll
 0005:00000170       \177VCRUNTIME140D_NULL_THUNK_DATA 000000018003c170     vcruntimed:VCRUNTIME140D.dll
 0005:000001d0       __imp_fseek                000000018003c1d0     ucrtd:ucrtbased.dll
 0005:000001d8       __imp__fseeki64            000000018003c1d8     ucrtd:ucrtbased.dll
 0005:000001e0       __imp_ftell                000000018003c1e0     ucrtd:ucrtbased.dll
 0005:000001e8       __imp__open                000000018003c1e8     ucrtd:ucrtbased.dll
 0005:000001f0       __imp_fwrite               000000018003c1f0     ucrtd:ucrtbased.dll
 0005:000001f8       __imp_strcmp               000000018003c1f8     ucrtd:ucrtbased.dll
 0005:00000200       __imp_srand                000000018003c200     ucrtd:ucrtbased.dll
 0005:00000208       __imp_rand                 000000018003c208     ucrtd:ucrtbased.dll
 0005:00000210       __imp__time64              000000018003c210     ucrtd:ucrtbased.dll
 0005:00000218       __imp__initterm            000000018003c218     ucrtd:ucrtbased.dll
 0005:00000220       __imp__initterm_e          000000018003c220     ucrtd:ucrtbased.dll
 0005:00000228       __imp__seh_filter_dll      000000018003c228     ucrtd:ucrtbased.dll
 0005:00000230       __imp__configure_narrow_argv 000000018003c230     ucrtd:ucrtbased.dll
 0005:00000238       __imp_fopen                000000018003c238     ucrtd:ucrtbased.dll
 0005:00000240       __imp__initialize_onexit_table 000000018003c240     ucrtd:ucrtbased.dll
 0005:00000248       __imp__register_onexit_function 000000018003c248     ucrtd:ucrtbased.dll
 0005:00000250       __imp__execute_onexit_table 000000018003c250     ucrtd:ucrtbased.dll
 0005:00000258       __imp__crt_atexit          000000018003c258     ucrtd:ucrtbased.dll
 0005:00000260       __imp__crt_at_quick_exit   000000018003c260     ucrtd:ucrtbased.dll
 0005:00000268       __imp__cexit               000000018003c268     ucrtd:ucrtbased.dll
 0005:00000270       __imp_terminate            000000018003c270     ucrtd:ucrtbased.dll
 0005:00000278       __imp_ferror               000000018003c278     ucrtd:ucrtbased.dll
 0005:00000280       __imp__lseeki64            000000018003c280     ucrtd:ucrtbased.dll
 0005:00000288       __imp__wopen               000000018003c288     ucrtd:ucrtbased.dll
 0005:00000290       __imp_wcstombs             000000018003c290     ucrtd:ucrtbased.dll
 0005:00000298       __imp_malloc               000000018003c298     ucrtd:ucrtbased.dll
 0005:000002a0       __imp_free                 000000018003c2a0     ucrtd:ucrtbased.dll
 0005:000002a8       __imp_strlen               000000018003c2a8     ucrtd:ucrtbased.dll
 0005:000002b0       __imp___stdio_common_vsprintf 000000018003c2b0     ucrtd:ucrtbased.dll
 0005:000002b8       __imp_fread                000000018003c2b8     ucrtd:ucrtbased.dll
 0005:000002c0       __imp_fclose               000000018003c2c0     ucrtd:ucrtbased.dll
 0005:000002c8       __imp__write               000000018003c2c8     ucrtd:ucrtbased.dll
 0005:000002d0       __imp__read                000000018003c2d0     ucrtd:ucrtbased.dll
 0005:000002d8       __imp__close               000000018003c2d8     ucrtd:ucrtbased.dll
 0005:000002e0       __imp_strerror             000000018003c2e0     ucrtd:ucrtbased.dll
 0005:000002e8       __imp__initialize_narrow_environment 000000018003c2e8     ucrtd:ucrtbased.dll
 0005:000002f0       __imp__errno               000000018003c2f0     ucrtd:ucrtbased.dll
 0005:000002f8       __imp__ftelli64            000000018003c2f8     ucrtd:ucrtbased.dll
 0005:00000300       \177ucrtbased_NULL_THUNK_DATA 000000018003c300     ucrtd:ucrtbased.dll
 0005:00000390       __IMPORT_DESCRIPTOR_KERNEL32 000000018003c390     kernel32:KERNEL32.dll
 0005:000003a4       __IMPORT_DESCRIPTOR_VCRUNTIME140D 000000018003c3a4     vcruntimed:VCRUNTIME140D.dll
 0005:000003b8       __IMPORT_DESCRIPTOR_ucrtbased 000000018003c3b8     ucrtd:ucrtbased.dll
 0005:000003cc       __NULL_IMPORT_DESCRIPTOR   000000018003c3cc     kernel32:KERNEL32.dll
 0006:00000000       __guard_check_icall_fptr   000000018003d000     MSVCRTD:guard_support.obj
 0006:00000010       __guard_xfg_check_icall_fptr 000000018003d010     MSVCRTD:guard_support.obj
 0006:00000020       __guard_dispatch_icall_fptr 000000018003d020     MSVCRTD:guard_support.obj
 0006:00000030       __guard_xfg_dispatch_icall_fptr 000000018003d030     MSVCRTD:guard_support.obj
 0006:00000040       __guard_xfg_table_dispatch_icall_fptr 000000018003d040     MSVCRTD:guard_support.obj

 entry point at        0001:00000505

 Static symbols

 0004:fffc6000       $pdata$vsnprintf           0000000180000000     gzwrite.obj
 0002:fffd0000       $unwind$vsnprintf          0000000180000000     gzwrite.obj
 0000:fffc0000       .debug$S                   0000000180000000     zlibwapi.exp
 0000:fffc3000       __guard_fids_?dllmain_dispatch@@YAHQEAUHINSTANCE__@@KQEAX@Z 0000000180000000     MSVCRTD:dll_dllmain.obj
 0000:fffc3000       __guard_fids__             0000000180000000     MSVCRTD:guard_support.obj
 0000:fffc3000       __guard_fids__             0000000180000000     MSVCRTD:guard_support.obj
 0000:fffc3000       __guard_fids__guard_icall_checks_enforced 0000000180000000     MSVCRTD:guard_support.obj
 0000:fffc3000       __guard_fids___scrt_set_unhandled_exception_filter 0000000180000000     MSVCRTD:utility_desktop.obj
 0000:fffc0000       .debug$S                   0000000180000000     vcruntimed:VCRUNTIME140D.dll
 0000:fffc0000       .debug$S                   0000000180000000     vcruntimed:VCRUNTIME140D.dll
 0000:fffc0000       .debug$S                   0000000180000000     vcruntimed:VCRUNTIME140D.dll
 0000:fffc0000       .debug$S                   0000000180000000     vcruntimed:VCRUNTIME140D.dll
 0000:fffc0000       .debug$S                   0000000180000000     vcruntimed:VCRUNTIME140D.dll
 0000:fffc0000       .debug$S                   0000000180000000     vcruntimed:VCRUNTIME140D.dll
 0000:fffc0000       .debug$S                   0000000180000000     vcruntimed:VCRUNTIME140D.dll
 0000:fffc0000       .debug$S                   0000000180000000     ucrtd:ucrtbased.dll
 0000:fffc0000       .debug$S                   0000000180000000     ucrtd:ucrtbased.dll
 0000:fffc0000       .debug$S                   0000000180000000     ucrtd:ucrtbased.dll
 0000:fffc0000       .debug$S                   0000000180000000     ucrtd:ucrtbased.dll
 0000:fffc0000       .debug$S                   0000000180000000     ucrtd:ucrtbased.dll
 0000:fffc0000       .debug$S                   0000000180000000     ucrtd:ucrtbased.dll
 0000:fffc0000       .debug$S                   0000000180000000     ucrtd:ucrtbased.dll
 0000:fffc0000       .debug$S                   0000000180000000     ucrtd:ucrtbased.dll
 0000:fffc0000       .debug$S                   0000000180000000     ucrtd:ucrtbased.dll
 0000:fffc0000       .debug$S                   0000000180000000     ucrtd:ucrtbased.dll
 0000:fffc0000       .debug$S                   0000000180000000     ucrtd:ucrtbased.dll
 0000:fffc0000       .debug$S                   0000000180000000     ucrtd:ucrtbased.dll
 0000:fffc0000       .debug$S                   0000000180000000     ucrtd:ucrtbased.dll
 0000:fffc0000       .debug$S                   0000000180000000     ucrtd:ucrtbased.dll
 0000:fffc0000       .debug$S                   0000000180000000     ucrtd:ucrtbased.dll
 0000:fffc0000       .debug$S                   0000000180000000     ucrtd:ucrtbased.dll
 0000:fffc0000       .debug$S                   0000000180000000     ucrtd:ucrtbased.dll
 0000:fffc0000       .debug$S                   0000000180000000     ucrtd:ucrtbased.dll
 0000:fffc0000       .debug$S                   0000000180000000     ucrtd:ucrtbased.dll
 0000:fffc0000       .debug$S                   0000000180000000     ucrtd:ucrtbased.dll
 0000:fffc0000       .debug$S                   0000000180000000     ucrtd:ucrtbased.dll
 0000:fffc0000       .debug$S                   0000000180000000     ucrtd:ucrtbased.dll
 0000:fffc0000       .debug$S                   0000000180000000     ucrtd:ucrtbased.dll
 0000:fffc0000       .debug$S                   0000000180000000     ucrtd:ucrtbased.dll
 0000:fffc0000       .debug$S                   0000000180000000     ucrtd:ucrtbased.dll
 0000:fffc0000       .debug$S                   0000000180000000     ucrtd:ucrtbased.dll
 0000:fffc0000       .debug$S                   0000000180000000     ucrtd:ucrtbased.dll
 0000:fffc0000       .debug$S                   0000000180000000     ucrtd:ucrtbased.dll
 0000:fffc0000       .debug$S                   0000000180000000     ucrtd:ucrtbased.dll
 0000:fffc0000       .debug$S                   0000000180000000     ucrtd:ucrtbased.dll
 0000:fffc0000       .debug$S                   0000000180000000     ucrtd:ucrtbased.dll
 0000:fffc0000       .debug$S                   0000000180000000     ucrtd:ucrtbased.dll
 0000:fffc0000       .debug$S                   0000000180000000     ucrtd:ucrtbased.dll
 0000:fffc0000       .debug$S                   0000000180000000     ucrtd:ucrtbased.dll
 0000:fffc0000       .debug$S                   0000000180000000     ucrtd:ucrtbased.dll
 0000:fffc0000       .debug$S                   0000000180000000     ucrtd:ucrtbased.dll
 0000:fffc0000       .debug$S                   0000000180000000     ucrtd:ucrtbased.dll
 0000:fffc0000       .debug$S                   0000000180000000     ucrtd:ucrtbased.dll
 0000:fffc0000       .debug$S                   0000000180000000     kernel32:KERNEL32.dll
 0000:fffc0000       .debug$S                   0000000180000000     kernel32:KERNEL32.dll
 0000:fffc0000       .debug$S                   0000000180000000     kernel32:KERNEL32.dll
 0000:fffc0000       .debug$S                   0000000180000000     kernel32:KERNEL32.dll
 0000:fffc0000       .debug$S                   0000000180000000     kernel32:KERNEL32.dll
 0000:fffc0000       .debug$S                   0000000180000000     kernel32:KERNEL32.dll
 0000:fffc0000       .debug$S                   0000000180000000     kernel32:KERNEL32.dll
 0000:fffc0000       .debug$S                   0000000180000000     kernel32:KERNEL32.dll
 0000:fffc0000       .debug$S                   0000000180000000     kernel32:KERNEL32.dll
 0000:fffc0000       .debug$S                   0000000180000000     kernel32:KERNEL32.dll
 0000:fffc0000       .debug$S                   0000000180000000     kernel32:KERNEL32.dll
 0000:fffc0000       .debug$S                   0000000180000000     kernel32:KERNEL32.dll
 0000:fffc0000       .debug$S                   0000000180000000     kernel32:KERNEL32.dll
 0000:fffc0000       .debug$S                   0000000180000000     kernel32:KERNEL32.dll
 0000:fffc0000       .debug$S                   0000000180000000     kernel32:KERNEL32.dll
 0000:fffc0000       .debug$S                   0000000180000000     kernel32:KERNEL32.dll
 0000:fffc0000       .debug$S                   0000000180000000     kernel32:KERNEL32.dll
 0000:fffc0000       .debug$S                   0000000180000000     kernel32:KERNEL32.dll
 0000:fffc0000       .debug$S                   0000000180000000     kernel32:KERNEL32.dll
 0000:fffc0000       .debug$S                   0000000180000000     kernel32:KERNEL32.dll
 0000:fffc0000       .debug$S                   0000000180000000     kernel32:KERNEL32.dll
 0000:fffc0000       .debug$S                   0000000180000000     kernel32:KERNEL32.dll
 0000:fffc0000       .debug$S                   0000000180000000     kernel32:KERNEL32.dll
 0000:fffc0000       .debug$S                   0000000180000000     kernel32:KERNEL32.dll
 0001:00000a30       $$000000                   0000000180001a30     gvmat64.obj
 0001:00000dc0       $$000000                   0000000180001dc0     inffasx64.obj
 0001:00001a30       adler32_combine_           0000000180002a30 f   adler32.obj
 0001:000024e0       crc32_little               00000001800034e0 f   crc32.obj
 0001:00002ce0       crc32_big                  0000000180003ce0 f   crc32.obj
 0001:00003540       gf2_matrix_times           0000000180004540 f   crc32.obj
 0001:000035a0       gf2_matrix_square          00000001800045a0 f   crc32.obj
 0001:00003600       crc32_combine_             0000000180004600 f   crc32.obj
 0001:00006880       deflateStateCheck          0000000180007880 f   deflate.obj
 0001:00006940       slide_hash                 0000000180007940 f   deflate.obj
 0001:00006a50       fill_window                0000000180007a50 f   deflate.obj
 0001:00006f00       deflate_stored             0000000180007f00 f   deflate.obj
 0001:000079c0       deflate_fast               00000001800089c0 f   deflate.obj
 0001:00008420       deflate_slow               0000000180009420 f   deflate.obj
 0001:00009120       deflate_rle                000000018000a120 f   deflate.obj
 0001:000099a0       deflate_huff               000000018000a9a0 f   deflate.obj
 0001:00009d20       lm_init                    000000018000ad20 f   deflate.obj
 0001:00009ea0       putShortMSB                000000018000aea0 f   deflate.obj
 0001:00009f10       flush_pending              000000018000af10 f   deflate.obj
 0001:0000a020       read_buf                   000000018000b020 f   deflate.obj
 0001:0000c510       gz_reset                   000000018000d510 f   gzlib.obj
 0001:0000c5a0       gz_open                    000000018000d5a0 f   gzlib.obj
 0001:0000ca24       $LN49                      000000018000da24     gzlib.obj
 0001:0000ca50       $LN48                      000000018000da50     gzlib.obj
 0001:0000d890       gz_load                    000000018000e890 f   gzread.obj
 0001:0000d990       gz_avail                   000000018000e990 f   gzread.obj
 0001:0000dac0       gz_look                    000000018000eac0 f   gzread.obj
 0001:0000dd90       gz_decomp                  000000018000ed90 f   gzread.obj
 0001:0000df20       gz_fetch                   000000018000ef20 f   gzread.obj
 0001:0000e050       gz_skip                    000000018000f050 f   gzread.obj
 0001:0000e150       gz_read                    000000018000f150 f   gzread.obj
 0001:0000f1f0       gz_init                    00000001800101f0 f   gzwrite.obj
 0001:0000f3d0       gz_comp                    00000001800103d0 f   gzwrite.obj
 0001:0000f6b0       gz_zero                    00000001800106b0 f   gzwrite.obj
 0001:0000f7d0       gz_write                   00000001800107d0 f   gzwrite.obj
 0001:00011ac0       $LN347                     0000000180012ac0     infback.obj
 0001:00011d10       fixedtables                0000000180012d10 f   infback.obj
 0001:000157a0       $LN525                     00000001800167a0     inflate.obj
 0001:000166f0       inflateStateCheck          00000001800176f0 f   inflate.obj
 0001:00016770       fixedtables                0000000180017770 f   inflate.obj
 0001:000167c0       updatewindow               00000001800177c0 f   inflate.obj
 0001:00016a10       syncsearch                 0000000180017a10 f   inflate.obj
 0001:00018860       fopen_file_func            0000000180019860 f   ioapi.obj
 0001:00018910       fread_file_func            0000000180019910 f   ioapi.obj
 0001:00018960       fwrite_file_func           0000000180019960 f   ioapi.obj
 0001:000189b0       ftell64_file_func          00000001800199b0 f   ioapi.obj
 0001:000189e0       fseek64_file_func          00000001800199e0 f   ioapi.obj
 0001:00018a80       fclose_file_func           0000000180019a80 f   ioapi.obj
 0001:00018ab0       ferror_file_func           0000000180019ab0 f   ioapi.obj
 0001:00018ae0       fopen64_file_func          0000000180019ae0 f   ioapi.obj
 0001:00018b90       ftell_file_func            0000000180019b90 f   ioapi.obj
 0001:00018bc0       fseek_file_func            0000000180019bc0 f   ioapi.obj
 0001:000194b0       win32_translate_open_mode  000000018001a4b0 f   iowin32.obj
 0001:00019570       win32_build_iowin          000000018001a570 f   iowin32.obj
 0001:00019810       MySetFilePointerEx         000000018001a810 f   iowin32.obj
 0001:0001a9e0       tr_static_init             000000018001b9e0 f   trees.obj
 0001:0001a9f0       init_block                 000000018001b9f0 f   trees.obj
 0001:0001aaf0       pqdownheap                 000000018001baf0 f   trees.obj
 0001:0001acf0       gen_bitlen                 000000018001bcf0 f   trees.obj
 0001:0001b0d0       gen_codes                  000000018001c0d0 f   trees.obj
 0001:0001b1c0       build_tree                 000000018001c1c0 f   trees.obj
 0001:0001b710       scan_tree                  000000018001c710 f   trees.obj
 0001:0001b950       send_tree                  000000018001c950 f   trees.obj
 0001:0001c660       build_bl_tree              000000018001d660 f   trees.obj
 0001:0001c740       send_all_trees             000000018001d740 f   trees.obj
 0001:0001cd60       compress_block             000000018001dd60 f   trees.obj
 0001:0001d740       detect_data_type           000000018001e740 f   trees.obj
 0001:0001d840       bi_reverse                 000000018001e840 f   trees.obj
 0001:0001d8a0       bi_windup                  000000018001e8a0 f   trees.obj
 0001:0001d990       bi_flush                   000000018001e990 f   trees.obj
 0001:00020990       unz64local_getByte         0000000180021990 f   unzip.obj
 0001:00020a20       unz64local_getShort        0000000180021a20 f   unzip.obj
 0001:00020ac0       unz64local_getLong         0000000180021ac0 f   unzip.obj
 0001:00020bc0       unz64local_getLong64       0000000180021bc0 f   unzip.obj
 0001:00020dc0       strcmpcasenosensitive_internal 0000000180021dc0 f   unzip.obj
 0001:00020eb0       unz64local_SearchCentralDir 0000000180021eb0 f   unzip.obj
 0001:00021100       unz64local_SearchCentralDir64 0000000180022100 f   unzip.obj
 0001:00021490       unzOpenInternal            0000000180022490 f   unzip.obj
 0001:00021a00       unz64local_DosDateToTmuDate 0000000180022a00 f   unzip.obj
 0001:00021ad0       unz64local_GetCurrentFileInfoInternal 0000000180022ad0 f   unzip.obj
 0001:00022350       unz64local_CheckCurrentFileCoherencyHeader 0000000180023350 f   unzip.obj
 0001:00023540       time                       0000000180024540 f   zip.obj
 0001:00025670       decrypt_byte               0000000180026670 f   zip.obj
 0001:000256c0       update_keys                00000001800266c0 f   zip.obj
 0001:00025790       init_keys                  0000000180026790 f   zip.obj
 0001:00025810       crypthead                  0000000180026810 f   zip.obj
 0001:00025a30       allocate_new_datablock     0000000180026a30 f   zip.obj
 0001:00025a80       free_datablock             0000000180026a80 f   zip.obj
 0001:00025ad0       init_linkedlist            0000000180026ad0 f   zip.obj
 0001:00025b00       free_linkedlist            0000000180026b00 f   zip.obj
 0001:00025b40       add_data_in_datablock      0000000180026b40 f   zip.obj
 0001:00025cf0       zip64local_putValue        0000000180026cf0 f   zip.obj
 0001:00025dc0       zip64local_putValue_inmemory 0000000180026dc0 f   zip.obj
 0001:00025e60       zip64local_TmzDateToDosDate 0000000180026e60 f   zip.obj
 0001:00025f00       zip64local_getByte         0000000180026f00 f   zip.obj
 0001:00025f90       zip64local_getShort        0000000180026f90 f   zip.obj
 0001:00026030       zip64local_getLong         0000000180027030 f   zip.obj
 0001:00026130       zip64local_getLong64       0000000180027130 f   zip.obj
 0001:00026330       zip64local_SearchCentralDir 0000000180027330 f   zip.obj
 0001:00026580       zip64local_SearchCentralDir64 0000000180027580 f   zip.obj
 0001:000276e0       zip64FlushWriteBuffer      00000001800286e0 f   zip.obj
 0001:00029310       $$000000                   000000018002a310     MSVCRTD:chkstk.obj
 0001:00029390       ?dllmain_crt_dispatch@@YAHQEAUHINSTANCE__@@KQEAX@Z 000000018002a390 f   MSVCRTD:dll_dllmain.obj
 0001:00029440       ?dllmain_crt_process_attach@@YAHQEAUHINSTANCE__@@QEAX@Z 000000018002a440 f   MSVCRTD:dll_dllmain.obj
 0001:000295d0       ?dllmain_crt_process_detach@@YAH_N@Z 000000018002a5d0 f   MSVCRTD:dll_dllmain.obj
 0001:00029690       ?dllmain_dispatch@@YAHQEAUHINSTANCE__@@KQEAX@Z 000000018002a690 f   MSVCRTD:dll_dllmain.obj
 0001:00029820       ?dllmain_raw@@YAHQEAUHINSTANCE__@@KQEAX@Z 000000018002a820 f   MSVCRTD:dll_dllmain.obj
 0001:00029920       __get_entropy              000000018002a920 f   MSVCRTD:gs_support.obj
 0001:00029bd0       ?find_pe_section@@YAPEAU_IMAGE_SECTION_HEADER@@QEAE_K@Z 000000018002abd0 f   MSVCRTD:utility.obj
 0001:00029cf0       ?is_potentially_valid_image_base@@YA_NQEAX@Z 000000018002acf0 f   MSVCRTD:utility.obj
 0001:0002b070       $$000000                   000000018002c070     MSVCRTD:amdsecgs.obj
 0001:0002b460       capture_current_context    000000018002c460 f   MSVCRTD:gs_report.obj
 0001:0002b520       capture_previous_context   000000018002c520 f   MSVCRTD:gs_report.obj
 0001:0002cbc0       $$000000                   000000018002dbc0     MSVCRTD:guard_dispatch.obj
 0001:0002cbe0       $$000000                   000000018002dbe0     MSVCRTD:guard_xfg_dispatch.obj
 0001:0002dc00       ?fin$0@?0??dllmain_crt_process_attach@@YAHQEAUHINSTANCE__@@QEAX@Z@4HA 000000018002ec00 f   MSVCRTD:dll_dllmain.obj
 0001:0002dc20       ?fin$0@?0??dllmain_crt_process_detach@@YAH_N@Z@4HA 000000018002ec20 f   MSVCRTD:dll_dllmain.obj
 0001:0002dc3a       ?fin$1@?0??dllmain_crt_process_detach@@YAH_N@Z@4HA 000000018002ec3a f   MSVCRTD:dll_dllmain.obj
 0001:0002dc60       ?filt$0@?0??dllmain_dispatch@@YAHQEAUHINSTANCE__@@KQEAX@Z@4HA 000000018002ec60 f   MSVCRTD:dll_dllmain.obj
 0001:0002dcc0       __scrt_is_nonwritable_in_current_image$filt$0 000000018002ecc0 f   MSVCRTD:utility.obj
 0002:00000880       crc_table                  0000000180030880     crc32.obj
 0002:00002f40       configuration_table        0000000180032f40     deflate.obj
 0002:00002fe0       ?my_version@?1??deflateInit2_@@9@9 0000000180032fe0     deflate.obj
 0002:00003020       ?lenfix@?1??fixedtables@@9@9 0000000180033020     infback.obj
 0002:00003820       ?distfix@?1??fixedtables@@9@9 0000000180033820     infback.obj
 0002:000038a0       ?order@?1??inflateBack@@9@9 00000001800338a0     infback.obj
 0002:00003a80       ?lenfix@?1??fixedtables@@9@9 0000000180033a80     inflate.obj
 0002:00004280       ?distfix@?1??fixedtables@@9@9 0000000180034280     inflate.obj
 0002:00004300       ?order@?1??inflate@@9@9    0000000180034300     inflate.obj
 0002:00004510       ?lbase@?1??inflate_table@@9@9 0000000180034510     inftrees.obj
 0002:00004550       ?lext@?1??inflate_table@@9@9 0000000180034550     inftrees.obj
 0002:00004590       ?dbase@?1??inflate_table@@9@9 0000000180034590     inftrees.obj
 0002:000045d0       ?dext@?1??inflate_table@@9@9 00000001800345d0     inftrees.obj
 0002:00004950       extra_lbits                0000000180034950     trees.obj
 0002:000049d0       extra_dbits                00000001800349d0     trees.obj
 0002:00004a50       extra_blbits               0000000180034a50     trees.obj
 0002:00004aa0       bl_order                   0000000180034aa0     trees.obj
 0002:00004ac0       static_ltree               0000000180034ac0     trees.obj
 0002:00004f40       static_dtree               0000000180034f40     trees.obj
 0002:00004fc0       base_length                0000000180034fc0     trees.obj
 0002:00005040       base_dist                  0000000180035040     trees.obj
 0002:000050b8       static_l_desc              00000001800350b8     trees.obj
 0002:000050d8       static_d_desc              00000001800350d8     trees.obj
 0002:000050f8       static_bl_desc             00000001800350f8     trees.obj
 0002:00005480       GS_ExceptionPointers       0000000180035480     MSVCRTD:gs_report.obj
 0002:00005d38       $unwind$adler32            0000000180035d38     adler32.obj
 0002:00005d40       $unwind$adler32_z          0000000180035d40     adler32.obj
 0002:00005d48       $unwind$adler32_combine    0000000180035d48     adler32.obj
 0002:00005d50       $unwind$adler32_combine_   0000000180035d50     adler32.obj
 0002:00005d58       $unwind$adler32_combine64  0000000180035d58     adler32.obj
 0002:00005d64       $unwind$compress           0000000180035d64     compress.obj
 0002:00005d6c       $unwind$compress2          0000000180035d6c     compress.obj
 0002:00005d78       $unwind$crc32              0000000180035d78     crc32.obj
 0002:00005d80       $unwind$crc32_z            0000000180035d80     crc32.obj
 0002:00005d88       $unwind$crc32_combine      0000000180035d88     crc32.obj
 0002:00005d90       $unwind$crc32_little       0000000180035d90     crc32.obj
 0002:00005d98       $unwind$crc32_big          0000000180035d98     crc32.obj
 0002:00005da0       $unwind$gf2_matrix_times   0000000180035da0     crc32.obj
 0002:00005da8       $unwind$gf2_matrix_square  0000000180035da8     crc32.obj
 0002:00005db0       $unwind$crc32_combine_     0000000180035db0     crc32.obj
 0002:00005db8       $unwind$crc32_combine64    0000000180035db8     crc32.obj
 0002:00005dc8       $unwind$deflate            0000000180035dc8     deflate.obj
 0002:00005dd0       $unwind$deflateEnd         0000000180035dd0     deflate.obj
 0002:00005dd8       $unwind$deflateSetDictionary 0000000180035dd8     deflate.obj
 0002:00005de0       $unwind$deflateGetDictionary 0000000180035de0     deflate.obj
 0002:00005de8       $unwind$deflateCopy        0000000180035de8     deflate.obj
 0002:00005df0       $unwind$deflateReset       0000000180035df0     deflate.obj
 0002:00005df8       $unwind$deflateParams      0000000180035df8     deflate.obj
 0002:00005e00       $unwind$deflateTune        0000000180035e00     deflate.obj
 0002:00005e08       $unwind$deflateBound       0000000180035e08     deflate.obj
 0002:00005e10       $unwind$deflatePending     0000000180035e10     deflate.obj
 0002:00005e18       $unwind$deflatePrime       0000000180035e18     deflate.obj
 0002:00005e20       $unwind$deflateSetHeader   0000000180035e20     deflate.obj
 0002:00005e28       $unwind$deflateInit_       0000000180035e28     deflate.obj
 0002:00005e30       $unwind$deflateInit2_      0000000180035e30     deflate.obj
 0002:00005e38       $unwind$deflateResetKeep   0000000180035e38     deflate.obj
 0002:00005e40       $unwind$deflateStateCheck  0000000180035e40     deflate.obj
 0002:00005e48       $unwind$slide_hash         0000000180035e48     deflate.obj
 0002:00005e50       $unwind$fill_window        0000000180035e50     deflate.obj
 0002:00005e58       $unwind$deflate_stored     0000000180035e58     deflate.obj
 0002:00005e60       $unwind$deflate_fast       0000000180035e60     deflate.obj
 0002:00005e68       $unwind$deflate_slow       0000000180035e68     deflate.obj
 0002:00005e70       $unwind$deflate_rle        0000000180035e70     deflate.obj
 0002:00005e78       $unwind$deflate_huff       0000000180035e78     deflate.obj
 0002:00005e80       $unwind$lm_init            0000000180035e80     deflate.obj
 0002:00005e88       $unwind$flush_pending      0000000180035e88     deflate.obj
 0002:00005e90       $unwind$read_buf           0000000180035e90     deflate.obj
 0002:00005eac       $unwind$gzclose            0000000180035eac     gzclose.obj
 0002:00005eb4       $unwind$vsnprintf          0000000180035eb4     gzlib.obj
 0002:00005ebc       $unwind$snprintf           0000000180035ebc     gzlib.obj
 0002:00005ec4       $unwind$gzdopen            0000000180035ec4     gzlib.obj
 0002:00005ecc       $unwind$gzbuffer           0000000180035ecc     gzlib.obj
 0002:00005ed4       $unwind$gzrewind           0000000180035ed4     gzlib.obj
 0002:00005edc       $unwind$gzeof              0000000180035edc     gzlib.obj
 0002:00005ee4       $unwind$gzerror            0000000180035ee4     gzlib.obj
 0002:00005eec       $unwind$gzclearerr         0000000180035eec     gzlib.obj
 0002:00005ef4       $unwind$gzopen             0000000180035ef4     gzlib.obj
 0002:00005efc       $unwind$gzseek             0000000180035efc     gzlib.obj
 0002:00005f04       $unwind$gztell             0000000180035f04     gzlib.obj
 0002:00005f0c       $unwind$gzoffset           0000000180035f0c     gzlib.obj
 0002:00005f14       $unwind$gzopen_w           0000000180035f14     gzlib.obj
 0002:00005f1c       $unwind$gzopen64           0000000180035f1c     gzlib.obj
 0002:00005f24       $unwind$gzseek64           0000000180035f24     gzlib.obj
 0002:00005f2c       $unwind$gztell64           0000000180035f2c     gzlib.obj
 0002:00005f34       $unwind$gzoffset64         0000000180035f34     gzlib.obj
 0002:00005f3c       $unwind$gz_error           0000000180035f3c     gzlib.obj
 0002:00005f44       $unwind$gz_reset           0000000180035f44     gzlib.obj
 0002:00005f4c       $unwind$gz_open            0000000180035f4c     gzlib.obj
 0002:00005f64       $unwind$gzread             0000000180035f64     gzread.obj
 0002:00005f6c       $unwind$gzfread            0000000180035f6c     gzread.obj
 0002:00005f74       $unwind$gzgets             0000000180035f74     gzread.obj
 0002:00005f7c       $unwind$gzgetc             0000000180035f7c     gzread.obj
 0002:00005f84       $unwind$gzungetc           0000000180035f84     gzread.obj
 0002:00005f8c       $unwind$gzdirect           0000000180035f8c     gzread.obj
 0002:00005f94       $unwind$gzclose_r          0000000180035f94     gzread.obj
 0002:00005f9c       $unwind$gzgetc_            0000000180035f9c     gzread.obj
 0002:00005fa4       $unwind$gz_load            0000000180035fa4     gzread.obj
 0002:00005fac       $unwind$gz_avail           0000000180035fac     gzread.obj
 0002:00005fb4       $unwind$gz_look            0000000180035fb4     gzread.obj
 0002:00005fbc       $unwind$gz_decomp          0000000180035fbc     gzread.obj
 0002:00005fc4       $unwind$gz_fetch           0000000180035fc4     gzread.obj
 0002:00005fcc       $unwind$gz_skip            0000000180035fcc     gzread.obj
 0002:00005fd4       $unwind$gz_read            0000000180035fd4     gzread.obj
 0002:00005fe8       $unwind$gzsetparams        0000000180035fe8     gzwrite.obj
 0002:00005ff0       $unwind$gzwrite            0000000180035ff0     gzwrite.obj
 0002:00005ff8       $unwind$gzfwrite           0000000180035ff8     gzwrite.obj
 0002:00006000       $unwind$gzprintf           0000000180036000     gzwrite.obj
 0002:00006008       $unwind$gzputs             0000000180036008     gzwrite.obj
 0002:00006010       $unwind$gzputc             0000000180036010     gzwrite.obj
 0002:00006018       $unwind$gzflush            0000000180036018     gzwrite.obj
 0002:00006020       $unwind$gzclose_w          0000000180036020     gzwrite.obj
 0002:00006028       $unwind$gzvprintf          0000000180036028     gzwrite.obj
 0002:00006030       $unwind$gz_init            0000000180036030     gzwrite.obj
 0002:00006038       $unwind$gz_comp            0000000180036038     gzwrite.obj
 0002:00006040       $unwind$gz_zero            0000000180036040     gzwrite.obj
 0002:00006048       $unwind$gz_write           0000000180036048     gzwrite.obj
 0002:0000605c       $unwind$inflateBack        000000018003605c     infback.obj
 0002:00006064       $unwind$inflateBackEnd     0000000180036064     infback.obj
 0002:0000606c       $unwind$inflateBackInit_   000000018003606c     infback.obj
 0002:00006078       $unwind$inflate_fast       0000000180036078     inffas8664.obj
 0002:00006080       $unwind$inflate            0000000180036080     inflate.obj
 0002:00006088       $unwind$inflateEnd         0000000180036088     inflate.obj
 0002:00006090       $unwind$inflateSetDictionary 0000000180036090     inflate.obj
 0002:00006098       $unwind$inflateGetDictionary 0000000180036098     inflate.obj
 0002:000060a0       $unwind$inflateSync        00000001800360a0     inflate.obj
 0002:000060a8       $unwind$inflateCopy        00000001800360a8     inflate.obj
 0002:000060b0       $unwind$inflateReset       00000001800360b0     inflate.obj
 0002:000060b8       $unwind$inflateReset2      00000001800360b8     inflate.obj
 0002:000060c0       $unwind$inflatePrime       00000001800360c0     inflate.obj
 0002:000060c8       $unwind$inflateMark        00000001800360c8     inflate.obj
 0002:000060d0       $unwind$inflateGetHeader   00000001800360d0     inflate.obj
 0002:000060d8       $unwind$inflateInit_       00000001800360d8     inflate.obj
 0002:000060e0       $unwind$inflateInit2_      00000001800360e0     inflate.obj
 0002:000060e8       $unwind$inflateSyncPoint   00000001800360e8     inflate.obj
 0002:000060f0       $unwind$inflateUndermine   00000001800360f0     inflate.obj
 0002:000060f8       $unwind$inflateValidate    00000001800360f8     inflate.obj
 0002:00006100       $unwind$inflateCodesUsed   0000000180036100     inflate.obj
 0002:00006108       $unwind$inflateResetKeep   0000000180036108     inflate.obj
 0002:00006110       $unwind$inflateStateCheck  0000000180036110     inflate.obj
 0002:00006118       $unwind$updatewindow       0000000180036118     inflate.obj
 0002:00006120       $unwind$syncsearch         0000000180036120     inflate.obj
 0002:00006138       $unwind$inflate_table      0000000180036138     inftrees.obj
 0002:00006140       $unwind$call_zopen64       0000000180036140     ioapi.obj
 0002:00006148       $unwind$call_zseek64       0000000180036148     ioapi.obj
 0002:00006150       $unwind$call_ztell64       0000000180036150     ioapi.obj
 0002:00006158       $unwind$fopen_file_func    0000000180036158     ioapi.obj
 0002:00006160       $unwind$fread_file_func    0000000180036160     ioapi.obj
 0002:00006168       $unwind$fwrite_file_func   0000000180036168     ioapi.obj
 0002:00006170       $unwind$ftell64_file_func  0000000180036170     ioapi.obj
 0002:00006178       $unwind$fseek64_file_func  0000000180036178     ioapi.obj
 0002:00006180       $unwind$fclose_file_func   0000000180036180     ioapi.obj
 0002:00006188       $unwind$ferror_file_func   0000000180036188     ioapi.obj
 0002:00006190       $unwind$fopen64_file_func  0000000180036190     ioapi.obj
 0002:00006198       $unwind$ftell_file_func    0000000180036198     ioapi.obj
 0002:000061a0       $unwind$fseek_file_func    00000001800361a0     ioapi.obj
 0002:000061b4       $unwind$win32_open_file_func 00000001800361b4     iowin32.obj
 0002:000061bc       $unwind$win32_read_file_func 00000001800361bc     iowin32.obj
 0002:000061c4       $unwind$win32_write_file_func 00000001800361c4     iowin32.obj
 0002:000061cc       $unwind$win32_tell64_file_func 00000001800361cc     iowin32.obj
 0002:000061d4       $unwind$win32_seek64_file_func 00000001800361d4     iowin32.obj
 0002:000061dc       $unwind$win32_close_file_func 00000001800361dc     iowin32.obj
 0002:000061e4       $unwind$win32_error_file_func 00000001800361e4     iowin32.obj
 0002:000061ec       $unwind$win32_build_iowin  00000001800361ec     iowin32.obj
 0002:000061f8       $unwind$win32_open64_file_func 00000001800361f8     iowin32.obj
 0002:00006200       $unwind$win32_open64_file_funcA 0000000180036200     iowin32.obj
 0002:00006208       $unwind$win32_open64_file_funcW 0000000180036208     iowin32.obj
 0002:00006210       $unwind$MySetFilePointerEx 0000000180036210     iowin32.obj
 0002:00006218       $unwind$win32_tell_file_func 0000000180036218     iowin32.obj
 0002:00006220       $unwind$win32_seek_file_func 0000000180036220     iowin32.obj
 0002:00006234       $unwind$_tr_init           0000000180036234     trees.obj
 0002:0000623c       $unwind$_tr_tally          000000018003623c     trees.obj
 0002:00006244       $unwind$_tr_flush_block    0000000180036244     trees.obj
 0002:0000624c       $unwind$_tr_flush_bits     000000018003624c     trees.obj
 0002:00006254       $unwind$_tr_align          0000000180036254     trees.obj
 0002:0000625c       $unwind$_tr_stored_block   000000018003625c     trees.obj
 0002:00006264       $unwind$init_block         0000000180036264     trees.obj
 0002:0000626c       $unwind$pqdownheap         000000018003626c     trees.obj
 0002:00006274       $unwind$gen_bitlen         0000000180036274     trees.obj
 0002:0000627c       $unwind$gen_codes          000000018003627c     trees.obj
 0002:00006284       $unwind$build_tree         0000000180036284     trees.obj
 0002:0000628c       $unwind$scan_tree          000000018003628c     trees.obj
 0002:00006294       $unwind$send_tree          0000000180036294     trees.obj
 0002:0000629c       $unwind$build_bl_tree      000000018003629c     trees.obj
 0002:000062a4       $unwind$send_all_trees     00000001800362a4     trees.obj
 0002:000062ac       $unwind$compress_block     00000001800362ac     trees.obj
 0002:000062b4       $unwind$detect_data_type   00000001800362b4     trees.obj
 0002:000062bc       $unwind$bi_reverse         00000001800362bc     trees.obj
 0002:000062d4       $unwind$uncompress         00000001800362d4     uncompr.obj
 0002:000062dc       $unwind$uncompress2        00000001800362dc     uncompr.obj
 0002:000062e8       $unwind$unzStringFileNameCompare 00000001800362e8     unzip.obj
 0002:000062f0       $unwind$unzOpen            00000001800362f0     unzip.obj
 0002:000062f8       $unwind$unzOpen64          00000001800362f8     unzip.obj
 0002:00006300       $unwind$unzOpen2           0000000180036300     unzip.obj
 0002:00006308       $unwind$unzOpen2_64        0000000180036308     unzip.obj
 0002:00006314       $unwind$unzClose           0000000180036314     unzip.obj
 0002:0000631c       $unwind$unzGetGlobalInfo   000000018003631c     unzip.obj
 0002:00006324       $unwind$unzGetGlobalInfo64 0000000180036324     unzip.obj
 0002:00006330       $unwind$unzGetGlobalComment 0000000180036330     unzip.obj
 0002:00006338       $unwind$unzGoToFirstFile   0000000180036338     unzip.obj
 0002:00006340       $unwind$unzGoToNextFile    0000000180036340     unzip.obj
 0002:00006348       $unwind$unzLocateFile      0000000180036348     unzip.obj
 0002:00006354       $unwind$unzGetFilePos      0000000180036354     unzip.obj
 0002:0000635c       $unwind$unzGoToFilePos     000000018003635c     unzip.obj
 0002:00006364       $unwind$unzGetFilePos64    0000000180036364     unzip.obj
 0002:0000636c       $unwind$unzGoToFilePos64   000000018003636c     unzip.obj
 0002:00006374       $unwind$unzGetCurrentFileInfo64 0000000180036374     unzip.obj
 0002:0000637c       $unwind$unzGetCurrentFileInfo 000000018003637c     unzip.obj
 0002:00006388       $unwind$unzGetCurrentFileZStreamPos64 0000000180036388     unzip.obj
 0002:00006390       $unwind$unzOpenCurrentFile 0000000180036390     unzip.obj
 0002:00006398       $unwind$unzOpenCurrentFilePassword 0000000180036398     unzip.obj
 0002:000063a0       $unwind$unzOpenCurrentFile2 00000001800363a0     unzip.obj
 0002:000063a8       $unwind$unzOpenCurrentFile3 00000001800363a8     unzip.obj
 0002:000063b4       $unwind$unzCloseCurrentFile 00000001800363b4     unzip.obj
 0002:000063bc       $unwind$unzReadCurrentFile 00000001800363bc     unzip.obj
 0002:000063c4       $unwind$unztell            00000001800363c4     unzip.obj
 0002:000063cc       $unwind$unztell64          00000001800363cc     unzip.obj
 0002:000063d4       $unwind$unzeof             00000001800363d4     unzip.obj
 0002:000063dc       $unwind$unzGetLocalExtrafield 00000001800363dc     unzip.obj
 0002:000063e4       $unwind$unzGetOffset64     00000001800363e4     unzip.obj
 0002:000063ec       $unwind$unzGetOffset       00000001800363ec     unzip.obj
 0002:000063f4       $unwind$unzSetOffset64     00000001800363f4     unzip.obj
 0002:000063fc       $unwind$unzSetOffset       00000001800363fc     unzip.obj
 0002:00006404       $unwind$unz64local_getByte 0000000180036404     unzip.obj
 0002:0000640c       $unwind$unz64local_getShort 000000018003640c     unzip.obj
 0002:00006414       $unwind$unz64local_getLong 0000000180036414     unzip.obj
 0002:0000641c       $unwind$unz64local_getLong64 000000018003641c     unzip.obj
 0002:00006424       $unwind$strcmpcasenosensitive_internal 0000000180036424     unzip.obj
 0002:0000642c       $unwind$unz64local_SearchCentralDir 000000018003642c     unzip.obj
 0002:00006434       $unwind$unz64local_SearchCentralDir64 0000000180036434     unzip.obj
 0002:0000643c       $unwind$unzOpenInternal    000000018003643c     unzip.obj
 0002:00006448       $unwind$unz64local_DosDateToTmuDate 0000000180036448     unzip.obj
 0002:00006450       $unwind$unz64local_GetCurrentFileInfoInternal 0000000180036450     unzip.obj
 0002:0000645c       $unwind$unz64local_CheckCurrentFileCoherencyHeader 000000018003645c     unzip.obj
 0002:0000648c       $unwind$time               000000018003648c     zip.obj
 0002:00006494       $unwind$zipOpen            0000000180036494     zip.obj
 0002:0000649c       $unwind$zipOpen64          000000018003649c     zip.obj
 0002:000064a4       $unwind$zipOpen2           00000001800364a4     zip.obj
 0002:000064ac       $unwind$zipOpen2_64        00000001800364ac     zip.obj
 0002:000064b8       $unwind$zipOpenNewFileInZip 00000001800364b8     zip.obj
 0002:000064c0       $unwind$zipOpenNewFileInZip64 00000001800364c0     zip.obj
 0002:000064c8       $unwind$zipOpenNewFileInZip2 00000001800364c8     zip.obj
 0002:000064d0       $unwind$zipOpenNewFileInZip2_64 00000001800364d0     zip.obj
 0002:000064d8       $unwind$zipOpenNewFileInZip3 00000001800364d8     zip.obj
 0002:000064e0       $unwind$zipOpenNewFileInZip3_64 00000001800364e0     zip.obj
[...]
 0004:00000438       $pdata$gz_write            000000018003a438     gzwrite.obj
 0004:00000444       $pdata$inflateBack         000000018003a444     infback.obj
 0004:00000450       $pdata$inflateBackEnd      000000018003a450     infback.obj
 0004:0000045c       $pdata$inflateBackInit_    000000018003a45c     infback.obj
 0004:00000468       $pdata$inflate_fast        000000018003a468     inffas8664.obj
 0004:00000474       $pdata$inflate             000000018003a474     inflate.obj
 0004:00000480       $pdata$inflateEnd          000000018003a480     inflate.obj
 0004:0000048c       $pdata$inflateSetDictionary 000000018003a48c     inflate.obj
 0004:00000498       $pdata$inflateGetDictionary 000000018003a498     inflate.obj
 0004:000004a4       $pdata$inflateSync         000000018003a4a4     inflate.obj
 0004:000004b0       $pdata$inflateCopy         000000018003a4b0     inflate.obj
 0004:000004bc       $pdata$inflateReset        000000018003a4bc     inflate.obj
 0004:000004c8       $pdata$inflateReset2       000000018003a4c8     inflate.obj
 0004:000004d4       $pdata$inflatePrime        000000018003a4d4     inflate.obj
 0004:000004e0       $pdata$inflateMark         000000018003a4e0     inflate.obj
 0004:000004ec       $pdata$inflateGetHeader    000000018003a4ec     inflate.obj
 0004:000004f8       $pdata$inflateInit_        000000018003a4f8     inflate.obj
 0004:00000504       $pdata$inflateInit2_       000000018003a504     inflate.obj
 0004:00000510       $pdata$inflateSyncPoint    000000018003a510     inflate.obj
 0004:0000051c       $pdata$inflateUndermine    000000018003a51c     inflate.obj
 0004:00000528       $pdata$inflateValidate     000000018003a528     inflate.obj
 0004:00000534       $pdata$inflateCodesUsed    000000018003a534     inflate.obj
 0004:00000540       $pdata$inflateResetKeep    000000018003a540     inflate.obj
 0004:0000054c       $pdata$inflateStateCheck   000000018003a54c     inflate.obj
 0004:00000558       $pdata$updatewindow        000000018003a558     inflate.obj
 0004:00000564       $pdata$syncsearch          000000018003a564     inflate.obj
 0004:00000570       $pdata$inflate_table       000000018003a570     inftrees.obj
 0004:0000057c       $pdata$call_zopen64        000000018003a57c     ioapi.obj
 0004:00000588       $pdata$call_zseek64        000000018003a588     ioapi.obj
 0004:00000594       $pdata$call_ztell64        000000018003a594     ioapi.obj
 0004:000005a0       $pdata$fopen_file_func     000000018003a5a0     ioapi.obj
 0004:000005ac       $pdata$fread_file_func     000000018003a5ac     ioapi.obj
 0004:000005b8       $pdata$fwrite_file_func    000000018003a5b8     ioapi.obj
 0004:000005c4       $pdata$ftell64_file_func   000000018003a5c4     ioapi.obj
 0004:000005d0       $pdata$fseek64_file_func   000000018003a5d0     ioapi.obj
 0004:000005dc       $pdata$fclose_file_func    000000018003a5dc     ioapi.obj
 0004:000005e8       $pdata$ferror_file_func    000000018003a5e8     ioapi.obj
 0004:000005f4       $pdata$fopen64_file_func   000000018003a5f4     ioapi.obj
 0004:00000600       $pdata$ftell_file_func     000000018003a600     ioapi.obj
 0004:0000060c       $pdata$fseek_file_func     000000018003a60c     ioapi.obj
 0004:00000618       $pdata$win32_open_file_func 000000018003a618     iowin32.obj
 0004:00000624       $pdata$win32_read_file_func 000000018003a624     iowin32.obj
 0004:00000630       $pdata$win32_write_file_func 000000018003a630     iowin32.obj
 0004:0000063c       $pdata$win32_tell64_file_func 000000018003a63c     iowin32.obj
 0004:00000648       $pdata$win32_seek64_file_func 000000018003a648     iowin32.obj
 0004:00000654       $pdata$win32_close_file_func 000000018003a654     iowin32.obj
 0004:00000660       $pdata$win32_error_file_func 000000018003a660     iowin32.obj
 0004:0000066c       $pdata$win32_build_iowin   000000018003a66c     iowin32.obj
 0004:00000678       $pdata$win32_open64_file_func 000000018003a678     iowin32.obj
 0004:00000684       $pdata$win32_open64_file_funcA 000000018003a684     iowin32.obj
 0004:00000690       $pdata$win32_open64_file_funcW 000000018003a690     iowin32.obj
 0004:0000069c       $pdata$MySetFilePointerEx  000000018003a69c     iowin32.obj
 0004:000006a8       $pdata$win32_tell_file_func 000000018003a6a8     iowin32.obj
 0004:000006b4       $pdata$win32_seek_file_func 000000018003a6b4     iowin32.obj
 0004:000006c0       $pdata$_tr_init            000000018003a6c0     trees.obj
 0004:000006cc       $pdata$_tr_tally           000000018003a6cc     trees.obj
 0004:000006d8       $pdata$_tr_flush_block     000000018003a6d8     trees.obj
 0004:000006e4       $pdata$_tr_flush_bits      000000018003a6e4     trees.obj
 0004:000006f0       $pdata$_tr_align           000000018003a6f0     trees.obj
 0004:000006fc       $pdata$_tr_stored_block    000000018003a6fc     trees.obj
 0004:00000708       $pdata$init_block          000000018003a708     trees.obj
 0004:00000714       $pdata$pqdownheap          000000018003a714     trees.obj
 0004:00000720       $pdata$gen_bitlen          000000018003a720     trees.obj
 0004:0000072c       $pdata$gen_codes           000000018003a72c     trees.obj
 0004:00000738       $pdata$build_tree          000000018003a738     trees.obj
 0004:00000744       $pdata$scan_tree           000000018003a744     trees.obj
 0004:00000750       $pdata$send_tree           000000018003a750     trees.obj
 0004:0000075c       $pdata$build_bl_tree       000000018003a75c     trees.obj
 0004:00000768       $pdata$send_all_trees      000000018003a768     trees.obj
 0004:00000774       $pdata$compress_block      000000018003a774     trees.obj
 0004:00000780       $pdata$detect_data_type    000000018003a780     trees.obj
 0004:0000078c       $pdata$bi_reverse          000000018003a78c     trees.obj
 0004:00000798       $pdata$uncompress          000000018003a798     uncompr.obj
 0004:000007a4       $pdata$uncompress2         000000018003a7a4     uncompr.obj
 0004:000007b0       $pdata$unzStringFileNameCompare 000000018003a7b0     unzip.obj
 0004:000007bc       $pdata$unzOpen             000000018003a7bc     unzip.obj
 0004:000007c8       $pdata$unzOpen64           000000018003a7c8     unzip.obj
 0004:000007d4       $pdata$unzOpen2            000000018003a7d4     unzip.obj
 0004:000007e0       $pdata$unzOpen2_64         000000018003a7e0     unzip.obj
 0004:000007ec       $pdata$unzClose            000000018003a7ec     unzip.obj
 0004:000007f8       $pdata$unzGetGlobalInfo    000000018003a7f8     unzip.obj
 0004:00000804       $pdata$unzGetGlobalInfo64  000000018003a804     unzip.obj
 0004:00000810       $pdata$unzGetGlobalComment 000000018003a810     unzip.obj
 0004:0000081c       $pdata$unzGoToFirstFile    000000018003a81c     unzip.obj
 0004:00000828       $pdata$unzGoToNextFile     000000018003a828     unzip.obj
 0004:00000834       $pdata$unzLocateFile       000000018003a834     unzip.obj
 0004:00000840       $pdata$unzGetFilePos       000000018003a840     unzip.obj
 0004:0000084c       $pdata$unzGoToFilePos      000000018003a84c     unzip.obj
 0004:00000858       $pdata$unzGetFilePos64     000000018003a858     unzip.obj
 0004:00000864       $pdata$unzGoToFilePos64    000000018003a864     unzip.obj
 0004:00000870       $pdata$unzGetCurrentFileInfo64 000000018003a870     unzip.obj
 0004:0000087c       $pdata$unzGetCurrentFileInfo 000000018003a87c     unzip.obj
 0004:00000888       $pdata$unzGetCurrentFileZStreamPos64 000000018003a888     unzip.obj
 0004:00000894       $pdata$unzOpenCurrentFile  000000018003a894     unzip.obj
 0004:000008a0       $pdata$unzOpenCurrentFilePassword 000000018003a8a0     unzip.obj
 0004:000008ac       $pdata$unzOpenCurrentFile2 000000018003a8ac     unzip.obj
 0004:000008b8       $pdata$unzOpenCurrentFile3 000000018003a8b8     unzip.obj
 0004:000008c4       $pdata$unzCloseCurrentFile 000000018003a8c4     unzip.obj
 0004:000008d0       $pdata$unzReadCurrentFile  000000018003a8d0     unzip.obj
 0004:000008dc       $pdata$unztell             000000018003a8dc     unzip.obj
 0004:000008e8       $pdata$unztell64           000000018003a8e8     unzip.obj
 0004:000008f4       $pdata$unzeof              000000018003a8f4     unzip.obj
 0004:00000900       $pdata$unzGetLocalExtrafield 000000018003a900     unzip.obj
 0004:0000090c       $pdata$unzGetOffset64      000000018003a90c     unzip.obj
 0004:00000918       $pdata$unzGetOffset        000000018003a918     unzip.obj
 0004:00000924       $pdata$unzSetOffset64      000000018003a924     unzip.obj
 0004:00000930       $pdata$unzSetOffset        000000018003a930     unzip.obj
 0004:0000093c       $pdata$unz64local_getByte  000000018003a93c     unzip.obj
 0004:00000948       $pdata$unz64local_getShort 000000018003a948     unzip.obj
 0004:00000954       $pdata$unz64local_getLong  000000018003a954     unzip.obj
 0004:00000960       $pdata$unz64local_getLong64 000000018003a960     unzip.obj
 0004:0000096c       $pdata$strcmpcasenosensitive_internal 000000018003a96c     unzip.obj
 0004:00000978       $pdata$unz64local_SearchCentralDir 000000018003a978     unzip.obj
 0004:00000984       $pdata$unz64local_SearchCentralDir64 000000018003a984     unzip.obj
 0004:00000990       $pdata$unzOpenInternal     000000018003a990     unzip.obj
 0004:0000099c       $pdata$unz64local_DosDateToTmuDate 000000018003a99c     unzip.obj
 0004:000009a8       $pdata$unz64local_GetCurrentFileInfoInternal 000000018003a9a8     unzip.obj
 0004:000009b4       $pdata$unz64local_CheckCurrentFileCoherencyHeader 000000018003a9b4     unzip.obj
 0004:000009c0       $pdata$time                000000018003a9c0     zip.obj
 0004:000009cc       $pdata$zipOpen             000000018003a9cc     zip.obj
 0004:000009d8       $pdata$zipOpen64           000000018003a9d8     zip.obj
 0004:000009e4       $pdata$zipOpen2            000000018003a9e4     zip.obj
 0004:000009f0       $pdata$zipOpen2_64         000000018003a9f0     zip.obj
 0004:000009fc       $pdata$zipOpenNewFileInZip 000000018003a9fc     zip.obj
 0004:00000a08       $pdata$zipOpenNewFileInZip64 000000018003aa08     zip.obj
 0004:00000a14       $pdata$zipOpenNewFileInZip2 000000018003aa14     zip.obj
 0004:00000a20       $pdata$zipOpenNewFileInZip2_64 000000018003aa20     zip.obj
 0004:00000a2c       $pdata$zipOpenNewFileInZip3 000000018003aa2c     zip.obj
 0004:00000a38       $pdata$zipOpenNewFileInZip3_64 000000018003aa38     zip.obj
 0004:00000a44       $pdata$zipOpenNewFileInZip4 000000018003aa44     zip.obj
 0004:00000a50       $pdata$zipOpenNewFileInZip4_64 000000018003aa50     zip.obj
 0004:00000a5c       $pdata$zipWriteInFileInZip 000000018003aa5c     zip.obj
 0004:00000a68       $pdata$zipCloseFileInZip   000000018003aa68     zip.obj
 0004:00000a74       $pdata$zipCloseFileInZipRaw 000000018003aa74     zip.obj
 0004:00000a80       $pdata$zipCloseFileInZipRaw64 000000018003aa80     zip.obj
 0004:00000a8c       $pdata$zipClose            000000018003aa8c     zip.obj
 0004:00000a98       $pdata$zipRemoveExtraInfoBlock 000000018003aa98     zip.obj
 0004:00000aa4       $pdata$decrypt_byte        000000018003aaa4     zip.obj
 0004:00000ab0       $pdata$update_keys         000000018003aab0     zip.obj
 0004:00000abc       $pdata$init_keys           000000018003aabc     zip.obj
 0004:00000ac8       $pdata$crypthead           000000018003aac8     zip.obj
 0004:00000ad4       $pdata$allocate_new_datablock 000000018003aad4     zip.obj
 0004:00000ae0       $pdata$free_datablock      000000018003aae0     zip.obj
 0004:00000aec       $pdata$free_linkedlist     000000018003aaec     zip.obj
 0004:00000af8       $pdata$add_data_in_datablock 000000018003aaf8     zip.obj
 0004:00000b04       $pdata$zip64local_putValue 000000018003ab04     zip.obj
 0004:00000b10       $pdata$zip64local_putValue_inmemory 000000018003ab10     zip.obj
 0004:00000b1c       $pdata$zip64local_TmzDateToDosDate 000000018003ab1c     zip.obj
 0004:00000b28       $pdata$zip64local_getByte  000000018003ab28     zip.obj
 0004:00000b34       $pdata$zip64local_getShort 000000018003ab34     zip.obj
 0004:00000b40       $pdata$zip64local_getLong  000000018003ab40     zip.obj
 0004:00000b4c       $pdata$zip64local_getLong64 000000018003ab4c     zip.obj
 0004:00000b58       $pdata$zip64local_SearchCentralDir 000000018003ab58     zip.obj
 0004:00000b64       $pdata$zip64local_SearchCentralDir64 000000018003ab64     zip.obj
 0004:00000b70       $pdata$LoadCentralDirectoryRecord 000000018003ab70     zip.obj
 0004:00000b7c       $pdata$zipOpen3            000000018003ab7c     zip.obj
 0004:00000b88       $pdata$Write_LocalFileHeader 000000018003ab88     zip.obj
 0004:00000b94       $pdata$zip64FlushWriteBuffer 000000018003ab94     zip.obj
 0004:00000ba0       $pdata$Write_Zip64EndOfCentralDirectoryLocator 000000018003aba0     zip.obj
 0004:00000bac       $pdata$Write_Zip64EndOfCentralDirectoryRecord 000000018003abac     zip.obj
 0004:00000bb8       $pdata$Write_EndOfCentralDirectoryRecord 000000018003abb8     zip.obj
 0004:00000bc4       $pdata$Write_GlobalComment 000000018003abc4     zip.obj
 0004:00000bd0       $pdata$zlibCompileFlags    000000018003abd0     zutil.obj
 0004:00000bdc       $pdata$zcalloc             000000018003abdc     zutil.obj
 0004:00000be8       $pdata$zcfree              000000018003abe8     zutil.obj
 0004:00000c00       $pdata$?dllmain_crt_process_attach@@YAHQEAUHINSTANCE__@@QEAX@Z 000000018003ac00     MSVCRTD:dll_dllmain.obj
 0004:00000c0c       $pdata$?fin$0@?0??dllmain_crt_process_attach@@YAHQEAUHINSTANCE__@@QEAX@Z@4HA 000000018003ac0c     MSVCRTD:dll_dllmain.obj
 0004:00000c18       $pdata$?dllmain_crt_process_detach@@YAH_N@Z 000000018003ac18     MSVCRTD:dll_dllmain.obj
 0004:00000c24       $pdata$?fin$0@?0??dllmain_crt_process_detach@@YAH_N@Z@4HA 000000018003ac24     MSVCRTD:dll_dllmain.obj
 0004:00000c30       $pdata$?fin$1@?0??dllmain_crt_process_detach@@YAH_N@Z@4HA 000000018003ac30     MSVCRTD:dll_dllmain.obj
 0004:00000c3c       $pdata$?dllmain_crt_dispatch@@YAHQEAUHINSTANCE__@@KQEAX@Z 000000018003ac3c     MSVCRTD:dll_dllmain.obj
 0004:00000c48       $pdata$_CRT_INIT           000000018003ac48     MSVCRTD:dll_dllmain.obj
 0004:00000c54       $pdata$?dllmain_raw@@YAHQEAUHINSTANCE__@@KQEAX@Z 000000018003ac54     MSVCRTD:dll_dllmain.obj
 0004:00000c60       $pdata$?dllmain_dispatch@@YAHQEAUHINSTANCE__@@KQEAX@Z 000000018003ac60     MSVCRTD:dll_dllmain.obj
 0004:00000c6c       $pdata$?filt$0@?0??dllmain_dispatch@@YAHQEAUHINSTANCE__@@KQEAX@Z@4HA 000000018003ac6c     MSVCRTD:dll_dllmain.obj
 0004:00000c78       $pdata$_DllMainCRTStartup  000000018003ac78     MSVCRTD:dll_dllmain.obj
 0004:00000c84       $pdata$__security_init_cookie 000000018003ac84     MSVCRTD:gs_support.obj
 0004:00000c90       $pdata$__get_entropy       000000018003ac90     MSVCRTD:gs_support.obj
 0004:00000c9c       $pdata$DllMain             000000018003ac9c     MSVCRTD:dll_dllmain_stub.obj
 0004:00000ca8       $pdata$?__scrt_initialize_type_info@@YAXXZ 000000018003aca8     MSVCRTD:tncleanup.obj
 0004:00000cb4       $pdata$?__scrt_uninitialize_type_info@@YAXXZ 000000018003acb4     MSVCRTD:tncleanup.obj
 0004:00000cc0       $pdata$__scrt_initialize_default_local_stdio_options 000000018003acc0     MSVCRTD:default_local_stdio_options.obj
 0004:00000ccc       $pdata$atexit              000000018003accc     MSVCRTD:utility.obj
 0004:00000cd8       $pdata$_onexit             000000018003acd8     MSVCRTD:utility.obj
 0004:00000ce4       $pdata$at_quick_exit       000000018003ace4     MSVCRTD:utility.obj
 0004:00000cf0       $pdata$__scrt_is_nonwritable_in_current_image 000000018003acf0     MSVCRTD:utility.obj
 0004:00000cfc       $pdata$__scrt_is_nonwritable_in_current_image$filt$0 000000018003acfc     MSVCRTD:utility.obj
 0004:00000d08       $pdata$__scrt_acquire_startup_lock 000000018003ad08     MSVCRTD:utility.obj
 0004:00000d14       $pdata$__scrt_release_startup_lock 000000018003ad14     MSVCRTD:utility.obj
 0004:00000d20       $pdata$__scrt_initialize_crt 000000018003ad20     MSVCRTD:utility.obj
 0004:00000d2c       $pdata$__scrt_uninitialize_crt 000000018003ad2c     MSVCRTD:utility.obj
 0004:00000d38       $pdata$__scrt_initialize_onexit_tables 000000018003ad38     MSVCRTD:utility.obj
 0004:00000d44       $pdata$__scrt_dllmain_exception_filter 000000018003ad44     MSVCRTD:utility.obj
 0004:00000d50       $pdata$__scrt_dllmain_before_initialize_c 000000018003ad50     MSVCRTD:utility.obj
 0004:00000d5c       $pdata$__scrt_dllmain_after_initialize_c 000000018003ad5c     MSVCRTD:utility.obj
 0004:00000d68       $pdata$__scrt_dllmain_uninitialize_c 000000018003ad68     MSVCRTD:utility.obj
 0004:00000d74       $pdata$__scrt_dllmain_uninitialize_critical 000000018003ad74     MSVCRTD:utility.obj
 0004:00000d80       $pdata$__scrt_dllmain_crt_thread_attach 000000018003ad80     MSVCRTD:utility.obj
 0004:00000d8c       $pdata$__scrt_dllmain_crt_thread_detach 000000018003ad8c     MSVCRTD:utility.obj
 0004:00000d98       $pdata$?configure_argv@__scrt_narrow_argv_policy@@SAHXZ 000000018003ad98     MSVCRTD:utility.obj
 0004:00000da4       $pdata$?initialize_environment@__scrt_narrow_environment_policy@@SAHXZ 000000018003ada4     MSVCRTD:utility.obj
 0004:00000db0       $pdata$?is_potentially_valid_image_base@@YA_NQEAX@Z 000000018003adb0     MSVCRTD:utility.obj
 0004:00000dbc       $pdata$?find_pe_section@@YAPEAU_IMAGE_SECTION_HEADER@@QEAE_K@Z 000000018003adbc     MSVCRTD:utility.obj
 0004:00000dc8       $pdata$__scrt_get_show_window_mode 000000018003adc8     MSVCRTD:utility_desktop.obj
 0004:00000dd4       $pdata$__scrt_is_managed_app 000000018003add4     MSVCRTD:utility_desktop.obj
 0004:00000de0       $pdata$__scrt_initialize_mta 000000018003ade0     MSVCRTD:utility_desktop.obj
 0004:00000dec       $pdata$__scrt_set_unhandled_exception_filter 000000018003adec     MSVCRTD:utility_desktop.obj
 0004:00000df8       $pdata$__scrt_fastfail     000000018003adf8     MSVCRTD:utility_desktop.obj
 0004:00000e04       $pdata$__scrt_unhandled_exception_filter 000000018003ae04     MSVCRTD:utility_desktop.obj
 0004:00000e10       $pdata$_RTC_Initialize     000000018003ae10     MSVCRTD:initsect.obj
 0004:00000e1c       $pdata$_RTC_Terminate      000000018003ae1c     MSVCRTD:initsect.obj
 0004:00000e28       $pdata$ReadNoFence64       000000018003ae28     MSVCRTD:guard_support.obj
 0004:00000e34       $pdata$ReadPointerNoFence  000000018003ae34     MSVCRTD:guard_support.obj
 0004:00000e40       $pdata$_guard_icall_checks_enforced 000000018003ae40     MSVCRTD:guard_support.obj
 0004:00000e4c       $pdata$__isa_available_init 000000018003ae4c     MSVCRTD:cpu_disp.obj
 0004:00000e58       $pdata$__scrt_is_ucrt_dll_in_use 000000018003ae58     MSVCRTD:ucrt_detection.obj
 0004:00000e7c       $pdata$__GSHandlerCheckCommon 000000018003ae7c     MSVCRTD:gshandler.obj
 0004:00000e88       $pdata$__GSHandlerCheck    000000018003ae88     MSVCRTD:gshandler.obj
 0004:00000ea0       $pdata$__report_securityfailure 000000018003aea0     MSVCRTD:gs_report.obj
 0004:00000eac       $pdata$__report_securityfailureEx 000000018003aeac     MSVCRTD:gs_report.obj
 0004:00000eb8       $pdata$__report_rangecheckfailure 000000018003aeb8     MSVCRTD:gs_report.obj
 0004:00000ec4       $pdata$__report_gsfailure  000000018003aec4     MSVCRTD:gs_report.obj
 0004:00000ed0       $pdata$capture_current_context 000000018003aed0     MSVCRTD:gs_report.obj
 0004:00000edc       $pdata$capture_previous_context 000000018003aedc     MSVCRTD:gs_report.obj
 0004:00000ee8       $pdata$__raise_securityfailure 000000018003aee8     MSVCRTD:gs_report.obj
 0005:000007d4       .idata$6                   000000018003c7d4     kernel32:KERNEL32.dll
 0005:0000086c       .idata$6                   000000018003c86c     vcruntimed:VCRUNTIME140D.dll
 0005:00000a7c       .idata$6                   000000018003ca7c     ucrtd:ucrtbased.dll
 0007:00000170       $R000000                   000000018003e170     zlib.res
